Component: ARM Compiler 5.06 update 6 (build 750) Tool: armlink [4d35ed]

==============================================================================

Section Cross References

    startup_stm32f446xx.o(RESET) refers to startup_stm32f446xx.o(STACK) for __initial_sp
    startup_stm32f446xx.o(RESET) refers to startup_stm32f446xx.o(.text) for Reset_Handler
    startup_stm32f446xx.o(RESET) refers to stm32f4xx_it.o(i.NMI_Handler) for NMI_Handler
    startup_stm32f446xx.o(RESET) refers to stm32f4xx_it.o(i.HardFault_Handler) for HardFault_Handler
    startup_stm32f446xx.o(RESET) refers to stm32f4xx_it.o(i.MemManage_Handler) for MemManage_Handler
    startup_stm32f446xx.o(RESET) refers to stm32f4xx_it.o(i.BusFault_Handler) for BusFault_Handler
    startup_stm32f446xx.o(RESET) refers to stm32f4xx_it.o(i.UsageFault_Handler) for UsageFault_Handler
    startup_stm32f446xx.o(RESET) refers to stm32f4xx_it.o(i.SVC_Handler) for SVC_Handler
    startup_stm32f446xx.o(RESET) refers to stm32f4xx_it.o(i.DebugMon_Handler) for DebugMon_Handler
    startup_stm32f446xx.o(RESET) refers to stm32f4xx_it.o(i.PendSV_Handler) for PendSV_Handler
    startup_stm32f446xx.o(RESET) refers to stm32f4xx_it.o(i.SysTick_Handler) for SysTick_Handler
    startup_stm32f446xx.o(RESET) refers to stm32f4xx_it.o(i.CAN1_RX0_IRQHandler) for CAN1_RX0_IRQHandler
    startup_stm32f446xx.o(.text) refers to system_stm32f4xx.o(i.SystemInit) for SystemInit
    startup_stm32f446xx.o(.text) refers to entry.o(.ARM.Collect$$$$00000000) for __main
    main.o(i.SystemClock_Config) refers to memseta.o(.text) for __aeabi_memclr4
    main.o(i.SystemClock_Config) refers to stm32f4xx_hal_rcc_ex.o(i.HAL_RCC_OscConfig) for HAL_RCC_OscConfig
    main.o(i.SystemClock_Config) refers to stm32f4xx_hal_rcc.o(i.HAL_RCC_ClockConfig) for HAL_RCC_ClockConfig
    main.o(i.main) refers to stm32f4xx_hal.o(i.HAL_Init) for HAL_Init
    main.o(i.main) refers to main.o(i.SystemClock_Config) for SystemClock_Config
    main.o(i.main) refers to gpio.o(i.MX_GPIO_Init) for MX_GPIO_Init
    main.o(i.main) refers to can.o(i.MX_CAN1_Init) for MX_CAN1_Init
    main.o(i.main) refers to can.o(i.MX_CAN2_Init) for MX_CAN2_Init
    main.o(i.main) refers to can.o(i.can_filter_init) for can_filter_init
    main.o(i.main) refers to my_can.o(i.CAN_Para_Init) for CAN_Para_Init
    main.o(i.main) refers to master.o(i.protocol_init) for protocol_init
    main.o(i.main) refers to stm32f4xx_hal.o(i.HAL_GetTick) for HAL_GetTick
    main.o(i.main) refers to my_can.o(i.can_receive) for can_receive
    main.o(i.main) refers to my_can.o(i.can_transmit) for can_transmit
    main.o(i.main) refers to master.o(i.write_status_f) for write_status_f
    main.o(i.main) refers to stm32f4xx_hal_gpio.o(i.HAL_GPIO_TogglePin) for HAL_GPIO_TogglePin
    gpio.o(i.MX_GPIO_Init) refers to memseta.o(.text) for __aeabi_memclr4
    gpio.o(i.MX_GPIO_Init) refers to stm32f4xx_hal_gpio.o(i.HAL_GPIO_WritePin) for HAL_GPIO_WritePin
    gpio.o(i.MX_GPIO_Init) refers to stm32f4xx_hal_gpio.o(i.HAL_GPIO_Init) for HAL_GPIO_Init
    can.o(i.HAL_CAN_MspDeInit) refers to stm32f4xx_hal_gpio.o(i.HAL_GPIO_DeInit) for HAL_GPIO_DeInit
    can.o(i.HAL_CAN_MspDeInit) refers to stm32f4xx_hal_cortex.o(i.HAL_NVIC_DisableIRQ) for HAL_NVIC_DisableIRQ
    can.o(i.HAL_CAN_MspDeInit) refers to can.o(.data) for .data
    can.o(i.HAL_CAN_MspInit) refers to memseta.o(.text) for __aeabi_memclr4
    can.o(i.HAL_CAN_MspInit) refers to stm32f4xx_hal_gpio.o(i.HAL_GPIO_Init) for HAL_GPIO_Init
    can.o(i.HAL_CAN_MspInit) refers to stm32f4xx_hal_cortex.o(i.HAL_NVIC_SetPriority) for HAL_NVIC_SetPriority
    can.o(i.HAL_CAN_MspInit) refers to stm32f4xx_hal_cortex.o(i.HAL_NVIC_EnableIRQ) for HAL_NVIC_EnableIRQ
    can.o(i.HAL_CAN_MspInit) refers to can.o(.data) for .data
    can.o(i.MX_CAN1_Init) refers to stm32f4xx_hal_can.o(i.HAL_CAN_Init) for HAL_CAN_Init
    can.o(i.MX_CAN1_Init) refers to main.o(i.Error_Handler) for Error_Handler
    can.o(i.MX_CAN1_Init) refers to can.o(.bss) for .bss
    can.o(i.MX_CAN2_Init) refers to stm32f4xx_hal_can.o(i.HAL_CAN_Init) for HAL_CAN_Init
    can.o(i.MX_CAN2_Init) refers to main.o(i.Error_Handler) for Error_Handler
    can.o(i.MX_CAN2_Init) refers to can.o(.bss) for .bss
    can.o(i.can_filter_init) refers to stm32f4xx_hal_can.o(i.HAL_CAN_ConfigFilter) for HAL_CAN_ConfigFilter
    can.o(i.can_filter_init) refers to stm32f4xx_hal_can.o(i.HAL_CAN_Start) for HAL_CAN_Start
    can.o(i.can_filter_init) refers to stm32f4xx_hal_can.o(i.HAL_CAN_ActivateNotification) for HAL_CAN_ActivateNotification
    can.o(i.can_filter_init) refers to can.o(.bss) for .bss
    stm32f4xx_it.o(i.CAN1_RX0_IRQHandler) refers to stm32f4xx_hal_can.o(i.HAL_CAN_IRQHandler) for HAL_CAN_IRQHandler
    stm32f4xx_it.o(i.CAN1_RX0_IRQHandler) refers to can.o(.bss) for hcan1
    stm32f4xx_it.o(i.SysTick_Handler) refers to stm32f4xx_hal.o(i.HAL_IncTick) for HAL_IncTick
    stm32f4xx_hal_can.o(i.HAL_CAN_DeInit) refers to stm32f4xx_hal_can.o(i.HAL_CAN_Stop) for HAL_CAN_Stop
[...]
    Removing stm32f4xx_hal_rcc_ex.o(.rev16_text), (4 bytes).
    Removing stm32f4xx_hal_rcc_ex.o(.revsh_text), (4 bytes).
    Removing stm32f4xx_hal_rcc_ex.o(.rrx_text), (6 bytes).
    Removing stm32f4xx_hal_rcc_ex.o(i.HAL_RCCEx_DisablePLLI2S), (52 bytes).
    Removing stm32f4xx_hal_rcc_ex.o(i.HAL_RCCEx_DisablePLLSAI), (56 bytes).
    Removing stm32f4xx_hal_rcc_ex.o(i.HAL_RCCEx_EnablePLLI2S), (132 bytes).
    Removing stm32f4xx_hal_rcc_ex.o(i.HAL_RCCEx_EnablePLLSAI), (128 bytes).
    Removing stm32f4xx_hal_rcc_ex.o(i.HAL_RCCEx_GetPeriphCLKConfig), (236 bytes).
    Removing stm32f4xx_hal_rcc_ex.o(i.HAL_RCCEx_GetPeriphCLKFreq), (412 bytes).
    Removing stm32f4xx_hal_rcc_ex.o(i.HAL_RCCEx_PeriphCLKConfig), (1072 bytes).
    Removing stm32f4xx_hal_rcc_ex.o(i.HAL_RCCEx_SelectLSEMode), (28 bytes).
    Removing stm32f4xx_hal_rcc_ex.o(i.HAL_RCC_DeInit), (360 bytes).
    Removing stm32f4xx_hal_rcc_ex.o(i.HAL_RCC_GetOscConfig), (188 bytes).
    Removing stm32f4xx_hal_flash.o(.rev16_text), (4 bytes).
    Removing stm32f4xx_hal_flash.o(.revsh_text), (4 bytes).
    Removing stm32f4xx_hal_flash.o(.rrx_text), (6 bytes).
    Removing stm32f4xx_hal_flash.o(i.FLASH_Program_Byte), (32 bytes).
    Removing stm32f4xx_hal_flash.o(i.FLASH_Program_DoubleWord), (44 bytes).
    Removing stm32f4xx_hal_flash.o(i.FLASH_Program_HalfWord), (36 bytes).
    Removing stm32f4xx_hal_flash.o(i.FLASH_Program_Word), (36 bytes).
    Removing stm32f4xx_hal_flash.o(i.FLASH_SetErrorCode), (124 bytes).
    Removing stm32f4xx_hal_flash.o(i.FLASH_WaitForLastOperation), (80 bytes).
    Removing stm32f4xx_hal_flash.o(i.HAL_FLASH_EndOfOperationCallback), (2 bytes).
    Removing stm32f4xx_hal_flash.o(i.HAL_FLASH_GetError), (12 bytes).
    Removing stm32f4xx_hal_flash.o(i.HAL_FLASH_IRQHandler), (204 bytes).
    Removing stm32f4xx_hal_flash.o(i.HAL_FLASH_Lock), (20 bytes).
    Removing stm32f4xx_hal_flash.o(i.HAL_FLASH_OB_Launch), (24 bytes).
    Removing stm32f4xx_hal_flash.o(i.HAL_FLASH_OB_Lock), (20 bytes).
    Removing stm32f4xx_hal_flash.o(i.HAL_FLASH_OB_Unlock), (40 bytes).
    Removing stm32f4xx_hal_flash.o(i.HAL_FLASH_OperationErrorCallback), (2 bytes).
    Removing stm32f4xx_hal_flash.o(i.HAL_FLASH_Program), (124 bytes).
    Removing stm32f4xx_hal_flash.o(i.HAL_FLASH_Program_IT), (108 bytes).
    Removing stm32f4xx_hal_flash.o(i.HAL_FLASH_Unlock), (44 bytes).
    Removing stm32f4xx_hal_flash.o(.bss), (32 bytes).
    Removing stm32f4xx_hal_flash_ex.o(.rev16_text), (4 bytes).
    Removing stm32f4xx_hal_flash_ex.o(.revsh_text), (4 bytes).
    Removing stm32f4xx_hal_flash_ex.o(.rrx_text), (6 bytes).
    Removing stm32f4xx_hal_flash_ex.o(i.FLASH_Erase_Sector), (80 bytes).
    Removing stm32f4xx_hal_flash_ex.o(i.FLASH_FlushCaches), (84 bytes).
    Removing stm32f4xx_hal_flash_ex.o(i.FLASH_MassErase), (40 bytes).
    Removing stm32f4xx_hal_flash_ex.o(i.HAL_FLASHEx_AdvOBGetConfig), (12 bytes).
    Removing stm32f4xx_hal_flash_ex.o(i.HAL_FLASHEx_AdvOBProgram), (60 bytes).
    Removing stm32f4xx_hal_flash_ex.o(i.HAL_FLASHEx_Erase), (152 bytes).
    Removing stm32f4xx_hal_flash_ex.o(i.HAL_FLASHEx_Erase_IT), (104 bytes).
    Removing stm32f4xx_hal_flash_ex.o(i.HAL_FLASHEx_OBGetConfig), (64 bytes).
    Removing stm32f4xx_hal_flash_ex.o(i.HAL_FLASHEx_OBProgram), (204 bytes).
    Removing stm32f4xx_hal_flash_ex.o(i.HAL_FLASHEx_OB_DeSelectPCROP), (20 bytes).
    Removing stm32f4xx_hal_flash_ex.o(i.HAL_FLASHEx_OB_SelectPCROP), (24 bytes).
    Removing stm32f4xx_hal_flash_ramfunc.o(.rev16_text), (4 bytes).
    Removing stm32f4xx_hal_flash_ramfunc.o(.revsh_text), (4 bytes).
    Removing stm32f4xx_hal_flash_ramfunc.o(.rrx_text), (6 bytes).
    Removing stm32f4xx_hal_flash_ramfunc.o(i.HAL_FLASHEx_DisableFlashSleepMode), (44 bytes).
    Removing stm32f4xx_hal_flash_ramfunc.o(i.HAL_FLASHEx_EnableFlashSleepMode), (44 bytes).
    Removing stm32f4xx_hal_flash_ramfunc.o(i.HAL_FLASHEx_StartFlashInterfaceClk), (44 bytes).
    Removing stm32f4xx_hal_flash_ramfunc.o(i.HAL_FLASHEx_StopFlashInterfaceClk), (44 bytes).
    Removing stm32f4xx_hal_gpio.o(.rev16_text), (4 bytes).
    Removing stm32f4xx_hal_gpio.o(.revsh_text), (4 bytes).
    Removing stm32f4xx_hal_gpio.o(.rrx_text), (6 bytes).
    Removing stm32f4xx_hal_gpio.o(i.HAL_GPIO_DeInit), (340 bytes).
    Removing stm32f4xx_hal_gpio.o(i.HAL_GPIO_EXTI_Callback), (2 bytes).
    Removing stm32f4xx_hal_gpio.o(i.HAL_GPIO_EXTI_IRQHandler), (24 bytes).
    Removing stm32f4xx_hal_gpio.o(i.HAL_GPIO_LockPin), (34 bytes).
    Removing stm32f4xx_hal_gpio.o(i.HAL_GPIO_ReadPin), (10 bytes).
    Removing stm32f4xx_hal_dma_ex.o(.rev16_text), (4 bytes).
    Removing stm32f4xx_hal_dma_ex.o(.revsh_text), (4 bytes).
    Removing stm32f4xx_hal_dma_ex.o(.rrx_text), (6 bytes).
    Removing stm32f4xx_hal_dma_ex.o(i.DMA_MultiBufferSetConfig), (30 bytes).
    Removing stm32f4xx_hal_dma_ex.o(i.HAL_DMAEx_ChangeMemory), (14 bytes).
    Removing stm32f4xx_hal_dma_ex.o(i.HAL_DMAEx_MultiBufferStart), (100 bytes).
    Removing stm32f4xx_hal_dma_ex.o(i.HAL_DMAEx_MultiBufferStart_IT), (2432 bytes).
    Removing stm32f4xx_hal_dma.o(.rev16_text), (4 bytes).
    Removing stm32f4xx_hal_dma.o(.revsh_text), (4 bytes).
    Removing stm32f4xx_hal_dma.o(.rrx_text), (6 bytes).
    Removing stm32f4xx_hal_dma.o(i.DMA_CalcBaseAndBitshift), (40 bytes).
    Removing stm32f4xx_hal_dma.o(i.DMA_CheckFifoParam), (84 bytes).
    Removing stm32f4xx_hal_dma.o(i.DMA_SetConfig), (40 bytes).
    Removing stm32f4xx_hal_dma.o(i.HAL_DMA_Abort), (142 bytes).
    Removing stm32f4xx_hal_dma.o(i.HAL_DMA_Abort_IT), (36 bytes).
    Removing stm32f4xx_hal_dma.o(i.HAL_DMA_DeInit), (98 bytes).
    Removing stm32f4xx_hal_dma.o(i.HAL_DMA_GetError), (4 bytes).
    Removing stm32f4xx_hal_dma.o(i.HAL_DMA_GetState), (6 bytes).
    Removing stm32f4xx_hal_dma.o(i.HAL_DMA_IRQHandler), (416 bytes).
    Removing stm32f4xx_hal_dma.o(i.HAL_DMA_Init), (212 bytes).
    Removing stm32f4xx_hal_dma.o(i.HAL_DMA_PollForTransfer), (292 bytes).
    Removing stm32f4xx_hal_dma.o(i.HAL_DMA_RegisterCallback), (80 bytes).
    Removing stm32f4xx_hal_dma.o(i.HAL_DMA_Start), (70 bytes).
    Removing stm32f4xx_hal_dma.o(i.HAL_DMA_Start_IT), (110 bytes).
    Removing stm32f4xx_hal_dma.o(i.HAL_DMA_UnRegisterCallback), (96 bytes).
    Removing stm32f4xx_hal_dma.o(.constdata), (8 bytes).
    Removing stm32f4xx_hal_pwr.o(.rev16_text), (4 bytes).
    Removing stm32f4xx_hal_pwr.o(.revsh_text), (4 bytes).
    Removing stm32f4xx_hal_pwr.o(.rrx_text), (6 bytes).
    Removing stm32f4xx_hal_pwr.o(i.HAL_PWR_ConfigPVD), (124 bytes).
    Removing stm32f4xx_hal_pwr.o(i.HAL_PWR_DeInit), (24 bytes).
    Removing stm32f4xx_hal_pwr.o(i.HAL_PWR_DisableBkUpAccess), (12 bytes).
    Removing stm32f4xx_hal_pwr.o(i.HAL_PWR_DisablePVD), (12 bytes).
    Removing stm32f4xx_hal_pwr.o(i.HAL_PWR_DisableSEVOnPend), (16 bytes).
    Removing stm32f4xx_hal_pwr.o(i.HAL_PWR_DisableSleepOnExit), (16 bytes).
    Removing stm32f4xx_hal_pwr.o(i.HAL_PWR_DisableWakeUpPin), (16 bytes).
    Removing stm32f4xx_hal_pwr.o(i.HAL_PWR_EnableBkUpAccess), (12 bytes).
    Removing stm32f4xx_hal_pwr.o(i.HAL_PWR_EnablePVD), (12 bytes).
    Removing stm32f4xx_hal_pwr.o(i.HAL_PWR_EnableSEVOnPend), (16 bytes).
    Removing stm32f4xx_hal_pwr.o(i.HAL_PWR_EnableSleepOnExit), (16 bytes).
    Removing stm32f4xx_hal_pwr.o(i.HAL_PWR_EnableWakeUpPin), (16 bytes).
    Removing stm32f4xx_hal_pwr.o(i.HAL_PWR_EnterSLEEPMode), (32 bytes).
    Removing stm32f4xx_hal_pwr.o(i.HAL_PWR_EnterSTANDBYMode), (32 bytes).
    Removing stm32f4xx_hal_pwr.o(i.HAL_PWR_EnterSTOPMode), (56 bytes).
    Removing stm32f4xx_hal_pwr.o(i.HAL_PWR_PVDCallback), (2 bytes).
    Removing stm32f4xx_hal_pwr.o(i.HAL_PWR_PVD_IRQHandler), (28 bytes).
    Removing stm32f4xx_hal_pwr_ex.o(.rev16_text), (4 bytes).
    Removing stm32f4xx_hal_pwr_ex.o(.revsh_text), (4 bytes).
    Removing stm32f4xx_hal_pwr_ex.o(.rrx_text), (6 bytes).
    Removing stm32f4xx_hal_pwr_ex.o(i.HAL_PWREx_ControlVoltageScaling), (176 bytes).
    Removing stm32f4xx_hal_pwr_ex.o(i.HAL_PWREx_DisableBkUpReg), (60 bytes).
    Removing stm32f4xx_hal_pwr_ex.o(i.HAL_PWREx_DisableFlashPowerDown), (12 bytes).
    Removing stm32f4xx_hal_pwr_ex.o(i.HAL_PWREx_DisableOverDrive), (112 bytes).
    Removing stm32f4xx_hal_pwr_ex.o(i.HAL_PWREx_EnableBkUpReg), (60 bytes).
    Removing stm32f4xx_hal_pwr_ex.o(i.HAL_PWREx_EnableFlashPowerDown), (12 bytes).
    Removing stm32f4xx_hal_pwr_ex.o(i.HAL_PWREx_EnableOverDrive), (112 bytes).
    Removing stm32f4xx_hal_pwr_ex.o(i.HAL_PWREx_EnterUnderDriveSTOPMode), (96 bytes).
    Removing stm32f4xx_hal_pwr_ex.o(i.HAL_PWREx_GetVoltageRange), (16 bytes).
    Removing stm32f4xx_hal_cortex.o(.rev16_text), (4 bytes).
    Removing stm32f4xx_hal_cortex.o(.revsh_text), (4 bytes).
    Removing stm32f4xx_hal_cortex.o(.rrx_text), (6 bytes).
    Removing stm32f4xx_hal_cortex.o(i.HAL_MPU_ConfigRegion), (84 bytes).
    Removing stm32f4xx_hal_cortex.o(i.HAL_MPU_Disable), (28 bytes).
    Removing stm32f4xx_hal_cortex.o(i.HAL_MPU_Enable), (36 bytes).
    Removing stm32f4xx_hal_cortex.o(i.HAL_NVIC_ClearPendingIRQ), (26 bytes).
    Removing stm32f4xx_hal_cortex.o(i.HAL_NVIC_DisableIRQ), (34 bytes).
    Removing stm32f4xx_hal_cortex.o(i.HAL_NVIC_GetActive), (36 bytes).
    Removing stm32f4xx_hal_cortex.o(i.HAL_NVIC_GetPendingIRQ), (36 bytes).
    Removing stm32f4xx_hal_cortex.o(i.HAL_NVIC_GetPriority), (82 bytes).
    Removing stm32f4xx_hal_cortex.o(i.HAL_NVIC_GetPriorityGrouping), (16 bytes).
    Removing stm32f4xx_hal_cortex.o(i.HAL_NVIC_SetPendingIRQ), (26 bytes).
    Removing stm32f4xx_hal_cortex.o(i.HAL_NVIC_SystemReset), (36 bytes).
    Removing stm32f4xx_hal_cortex.o(i.HAL_SYSTICK_CLKSourceConfig), (24 bytes).
    Removing stm32f4xx_hal_cortex.o(i.HAL_SYSTICK_Callback), (2 bytes).
    Removing stm32f4xx_hal_cortex.o(i.HAL_SYSTICK_IRQHandler), (8 bytes).
    Removing stm32f4xx_hal.o(.rev16_text), (4 bytes).
    Removing stm32f4xx_hal.o(.revsh_text), (4 bytes).
    Removing stm32f4xx_hal.o(.rrx_text), (6 bytes).
    Removing stm32f4xx_hal.o(i.HAL_DBGMCU_DisableDBGSleepMode), (16 bytes).
    Removing stm32f4xx_hal.o(i.HAL_DBGMCU_DisableDBGStandbyMode), (16 bytes).
    Removing stm32f4xx_hal.o(i.HAL_DBGMCU_DisableDBGStopMode), (16 bytes).
    Removing stm32f4xx_hal.o(i.HAL_DBGMCU_EnableDBGSleepMode), (16 bytes).
    Removing stm32f4xx_hal.o(i.HAL_DBGMCU_EnableDBGStandbyMode), (16 bytes).
    Removing stm32f4xx_hal.o(i.HAL_DBGMCU_EnableDBGStopMode), (16 bytes).
    Removing stm32f4xx_hal.o(i.HAL_DeInit), (52 bytes).
    Removing stm32f4xx_hal.o(i.HAL_Delay), (36 bytes).
    Removing stm32f4xx_hal.o(i.HAL_DisableCompensationCell), (12 bytes).
    Removing stm32f4xx_hal.o(i.HAL_EnableCompensationCell), (12 bytes).
    Removing stm32f4xx_hal.o(i.HAL_GetDEVID), (16 bytes).
    Removing stm32f4xx_hal.o(i.HAL_GetHalVersion), (8 bytes).
    Removing stm32f4xx_hal.o(i.HAL_GetREVID), (12 bytes).
    Removing stm32f4xx_hal.o(i.HAL_GetTickFreq), (12 bytes).
    Removing stm32f4xx_hal.o(i.HAL_GetTickPrio), (12 bytes).
    Removing stm32f4xx_hal.o(i.HAL_GetUIDw0), (12 bytes).
    Removing stm32f4xx_hal.o(i.HAL_GetUIDw1), (12 bytes).
    Removing stm32f4xx_hal.o(i.HAL_GetUIDw2), (12 bytes).
    Removing stm32f4xx_hal.o(i.HAL_MspDeInit), (2 bytes).
    Removing stm32f4xx_hal.o(i.HAL_MspInit), (2 bytes).
    Removing stm32f4xx_hal.o(i.HAL_ResumeTick), (14 bytes).
    Removing stm32f4xx_hal.o(i.HAL_SetTickFreq), (36 bytes).
    Removing stm32f4xx_hal.o(i.HAL_SuspendTick), (14 bytes).
    Removing stm32f4xx_hal_exti.o(.rev16_text), (4 bytes).
    Removing stm32f4xx_hal_exti.o(.revsh_text), (4 bytes).
    Removing stm32f4xx_hal_exti.o(.rrx_text), (6 bytes).
    Removing stm32f4xx_hal_exti.o(i.HAL_EXTI_ClearConfigLine), (108 bytes).
    Removing stm32f4xx_hal_exti.o(i.HAL_EXTI_ClearPending), (20 bytes).
    Removing stm32f4xx_hal_exti.o(i.HAL_EXTI_GenerateSWI), (20 bytes).
    Removing stm32f4xx_hal_exti.o(i.HAL_EXTI_GetConfigLine), (156 bytes).
    Removing stm32f4xx_hal_exti.o(i.HAL_EXTI_GetHandle), (12 bytes).
    Removing stm32f4xx_hal_exti.o(i.HAL_EXTI_GetPending), (24 bytes).
    Removing stm32f4xx_hal_exti.o(i.HAL_EXTI_IRQHandler), (36 bytes).
    Removing stm32f4xx_hal_exti.o(i.HAL_EXTI_RegisterCallback), (14 bytes).
    Removing stm32f4xx_hal_exti.o(i.HAL_EXTI_SetConfigLine), (168 bytes).
    Removing stm32f4xx_hal_tim.o(.rev16_text), (4 bytes).
    Removing stm32f4xx_hal_tim.o(.revsh_text), (4 bytes).
    Removing stm32f4xx_hal_tim.o(.rrx_text), (6 bytes).
    Removing stm32f4xx_hal_tim_ex.o(.rev16_text), (4 bytes).
    Removing stm32f4xx_hal_tim_ex.o(.revsh_text), (4 bytes).
    Removing stm32f4xx_hal_tim_ex.o(.rrx_text), (6 bytes).
    Removing system_stm32f4xx.o(.rev16_text), (4 bytes).
    Removing system_stm32f4xx.o(.revsh_text), (4 bytes).
    Removing system_stm32f4xx.o(.rrx_text), (6 bytes).
    Removing system_stm32f4xx.o(i.SystemCoreClockUpdate), (124 bytes).
    Removing system_stm32f4xx.o(.constdata), (8 bytes).
    Removing crc.o(.rev16_text), (4 bytes).
    Removing crc.o(.revsh_text), (4 bytes).
    Removing crc.o(.rrx_text), (6 bytes).
    Removing crc.o(i.crc16), (28 bytes).
    Removing master.o(.rev16_text), (4 bytes).
    Removing master.o(.revsh_text), (4 bytes).
    Removing master.o(.rrx_text), (6 bytes).
    Removing master.o(i.read_protocol), (64 bytes).
    Removing master.o(i.subscriber_protocol), (78 bytes).
    Removing master.o(i.write_status), (56 bytes).
    Removing master.o(i.write_status_two), (78 bytes).
    Removing my_can.o(.rev16_text), (4 bytes).
    Removing my_can.o(.revsh_text), (4 bytes).
    Removing my_can.o(.rrx_text), (6 bytes).
    Removing my_can.o(i.can_serial_read_char), (32 bytes).
    Removing my_can.o(.data), (1 bytes).
    Removing protocol.o(.rev16_text), (4 bytes).
    Removing protocol.o(.revsh_text), (4 bytes).
    Removing protocol.o(.rrx_text), (6 bytes).
    Removing protocol.o(i.list_mem), (172 bytes).
    Removing protocol_api.o(.rev16_text), (4 bytes).
    Removing protocol_api.o(.revsh_text), (4 bytes).
    Removing protocol_api.o(.rrx_text), (6 bytes).
    Removing protocol_api.o(i.PDU_err_to_msg_data), (20 bytes).
    Removing protocol_api.o(i.combine_read_to_PDU), (34 bytes).
    Removing protocol_api.o(i.combine_subscribe_to_PDU), (34 bytes).
    Removing protocol_api.o(i.msg_data_to_PDU_err), (22 bytes).
    Removing protocol_api.o(i.protocol_subscribe_loop), (360 bytes).
    Removing rt_malloc.o(i.rt_calloc), (24 bytes).
    Removing rt_malloc.o(i.rt_memory_info), (32 bytes).
    Removing xsto_api_ii.o(.rev16_text), (4 bytes).
    Removing xsto_api_ii.o(.revsh_text), (4 bytes).
    Removing xsto_api_ii.o(.rrx_text), (6 bytes).
    Removing xsto_api_ii.o(i.api_loop), (104 bytes).
    Removing xsto_api_ii.o(i.api_on_message_received), (2 bytes).
    Removing xsto_api_ii.o(i.api_port_send), (2 bytes).
    Removing xsto_api_ii.o(i.module_heartbeat), (88 bytes).
    Removing xsto_api_ii.o(i.module_register), (116 bytes).
    Removing xsto_api_ii.o(i.protocol_init), (2 bytes).
    Removing dadd.o(.text), (334 bytes).
    Removing dmul.o(.text), (228 bytes).
    Removing ddiv.o(.text), (222 bytes).
    Removing dfixul.o(.text), (48 bytes).
    Removing cdrcmple.o(.text), (48 bytes).
    Removing depilogue.o(.text), (186 bytes).

286 unused section(s) (total 18063 bytes) removed from the image.

==============================================================================

Image Symbol Table

    Local Symbols

    Symbol Name                              Value     Ov Type        Size  Object(Section)

    ../Core/Src/can.c                        0x00000000   Number         0  can.o ABSOLUTE
    ../Core/Src/gpio.c                       0x00000000   Number         0  gpio.o ABSOLUTE
    ../Core/Src/main.c                       0x00000000   Number         0  main.o ABSOLUTE
    ../Core/Src/stm32f4xx_hal_msp.c          0x00000000   Number         0  stm32f4xx_hal_msp.o ABSOLUTE
    ../Core/Src/stm32f4xx_it.c               0x00000000   Number         0  stm32f4xx_it.o ABSOLUTE
    ../Core/Src/system_stm32f4xx.c           0x00000000   Number         0  system_stm32f4xx.o ABSOLUTE
    ../Drivers/STM32F4xx_HAL_Driver/Src/stm32f4xx_hal.c 0x00000000   Number         0  stm32f4xx_hal.o ABSOLUTE
    ../Drivers/STM32F4xx_HAL_Driver/Src/stm32f4xx_hal_can.c 0x00000000   Number         0  stm32f4xx_hal_can.o ABSOLUTE
    ../Drivers/STM32F4xx_HAL_Driver/Src/stm32f4xx_hal_cortex.c 0x00000000   Number         0  stm32f4xx_hal_cortex.o ABSOLUTE
    ../Drivers/STM32F4xx_HAL_Driver/Src/stm32f4xx_hal_dma.c 0x00000000   Number         0  stm32f4xx_hal_dma.o ABSOLUTE
    ../Drivers/STM32F4xx_HAL_Driver/Src/stm32f4xx_hal_dma_ex.c 0x00000000   Number         0  stm32f4xx_hal_dma_ex.o ABSOLUTE
    ../Drivers/STM32F4xx_HAL_Driver/Src/stm32f4xx_hal_exti.c 0x00000000   Number         0  stm32f4xx_hal_exti.o ABSOLUTE
    ../Drivers/STM32F4xx_HAL_Driver/Src/stm32f4xx_hal_flash.c 0x00000000   Number         0  stm32f4xx_hal_flash.o ABSOLUTE
    ../Drivers/STM32F4xx_HAL_Driver/Src/stm32f4xx_hal_flash_ex.c 0x00000000   Number         0  stm32f4xx_hal_flash_ex.o ABSOLUTE
    ../Drivers/STM32F4xx_HAL_Driver/Src/stm32f4xx_hal_flash_ramfunc.c 0x00000000   Number         0  stm32f4xx_hal_flash_ramfunc.o ABSOLUTE
    ../Drivers/STM32F4xx_HAL_Driver/Src/stm32f4xx_hal_gpio.c 0x00000000   Number         0  stm32f4xx_hal_gpio.o ABSOLUTE
    ../Drivers/STM32F4xx_HAL_Driver/Src/stm32f4xx_hal_pwr.c 0x00000000   Number         0  stm32f4xx_hal_pwr.o ABSOLUTE
    ../Drivers/STM32F4xx_HAL_Driver/Src/stm32f4xx_hal_pwr_ex.c 0x00000000   Number         0  stm32f4xx_hal_pwr_ex.o ABSOLUTE
    ../Drivers/STM32F4xx_HAL_Driver/Src/stm32f4xx_hal_rcc.c 0x00000000   Number         0  stm32f4xx_hal_rcc.o ABSOLUTE
    ../Drivers/STM32F4xx_HAL_Driver/Src/stm32f4xx_hal_rcc_ex.c 0x00000000   Number         0  stm32f4xx_hal_rcc_ex.o ABSOLUTE
    ../Drivers/STM32F4xx_HAL_Driver/Src/stm32f4xx_hal_tim.c 0x00000000   Number         0  stm32f4xx_hal_tim.o ABSOLUTE
    ../Drivers/STM32F4xx_HAL_Driver/Src/stm32f4xx_hal_tim_ex.c 0x00000000   Number         0  stm32f4xx_hal_tim_ex.o ABSOLUTE
    ../clib/../cmprslib/zerorunl.c           0x00000000   Number         0  __dczerorl.o ABSOLUTE
    ../clib/microlib/division.c              0x00000000   Number         0  uldiv.o ABSOLUTE
    ../clib/microlib/division.c              0x00000000   Number         0  uidiv.o ABSOLUTE
    ../clib/microlib/init/entry.s            0x00000000   Number         0  entry9a.o ABSOLUTE
    ../clib/microlib/init/entry.s            0x00000000   Number         0  entry.o ABSOLUTE
    ../clib/microlib/init/entry.s            0x00000000   Number         0  entry8a.o ABSOLUTE
    ../clib/microlib/init/entry.s            0x00000000   Number         0  entry7b.o ABSOLUTE
    ../clib/microlib/init/entry.s            0x00000000   Number         0  entry7a.o ABSOLUTE
    ../clib/microlib/init/entry.s            0x00000000   Number         0  entry2.o ABSOLUTE
    ../clib/microlib/init/entry.s            0x00000000   Number         0  entry5.o ABSOLUTE
    ../clib/microlib/init/entry.s            0x00000000   Number         0  entry8b.o ABSOLUTE
    ../clib/microlib/init/entry.s            0x00000000   Number         0  entry9b.o ABSOLUTE
    ../clib/microlib/init/entry.s            0x00000000   Number         0  entry10a.o ABSOLUTE
    ../clib/microlib/init/entry.s            0x00000000   Number         0  entry10b.o ABSOLUTE
    ../clib/microlib/init/entry.s            0x00000000   Number         0  entry11a.o ABSOLUTE
    ../clib/microlib/init/entry.s            0x00000000   Number         0  entry11b.o ABSOLUTE
    ../clib/microlib/longlong.c              0x00000000   Number         0  llsshr.o ABSOLUTE
    ../clib/microlib/longlong.c              0x00000000   Number         0  llshl.o ABSOLUTE
    ../clib/microlib/longlong.c              0x00000000   Number         0  llushr.o ABSOLUTE
    ../clib/microlib/printf/printf.c         0x00000000   Number         0  printf4.o ABSOLUTE
    ../clib/microlib/printf/printf.c         0x00000000   Number         0  printf3.o ABSOLUTE
    ../clib/microlib/printf/printf.c         0x00000000   Number         0  printf2.o ABSOLUTE
    ../clib/microlib/printf/printf.c         0x00000000   Number         0  printf5.o ABSOLUTE
    ../clib/microlib/printf/printf.c         0x00000000   Number         0  printf1.o ABSOLUTE
    ../clib/microlib/printf/printf.c         0x00000000   Number         0  printfa.o ABSOLUTE
    ../clib/microlib/printf/printf.c         0x00000000   Number         0  printf8.o ABSOLUTE
    ../clib/microlib/printf/printf.c         0x00000000   Number         0  printf7.o ABSOLUTE
    ../clib/microlib/printf/printf.c         0x00000000   Number         0  printfb.o ABSOLUTE
    ../clib/microlib/printf/printf.c         0x00000000   Number         0  printf0.o ABSOLUTE
    ../clib/microlib/printf/printf.c         0x00000000   Number         0  printf6.o ABSOLUTE
    ../clib/microlib/printf/stubs.s          0x00000000   Number         0  stubs.o ABSOLUTE
    ../clib/microlib/stdio/fputc.c           0x00000000   Number         0  fputc.o ABSOLUTE
    ../clib/microlib/stdio/semi.s            0x00000000   Number         0  semi.o ABSOLUTE
    ../clib/microlib/stdio/streams.c         0x00000000   Number         0  stdout.o ABSOLUTE
    ../clib/microlib/string/memcmp.c         0x00000000   Number         0  memcmp.o ABSOLUTE
    ../clib/microlib/string/memcpy.c         0x00000000   Number         0  memcpya.o ABSOLUTE
    ../clib/microlib/string/memcpy.c         0x00000000   Number         0  memcpyb.o ABSOLUTE
    ../clib/microlib/string/memset.c         0x00000000   Number         0  memseta.o ABSOLUTE
    ../clib/microlib/stubs.s                 0x00000000   Number         0  iusefp.o ABSOLUTE
    ../clib/microlib/stubs.s                 0x00000000   Number         0  iusesemip.o ABSOLUTE
    ../fplib/microlib/fpadd.c                0x00000000   Number         0  dadd.o ABSOLUTE
    ../fplib/microlib/fpdiv.c                0x00000000   Number         0  ddiv.o ABSOLUTE
    ../fplib/microlib/fpepilogue.c           0x00000000   Number         0  depilogue.o ABSOLUTE
    ../fplib/microlib/fpfix.c                0x00000000   Number         0  dfixul.o ABSOLUTE
    ../fplib/microlib/fpmul.c                0x00000000   Number         0  dmul.o ABSOLUTE
    ..\Core\Src\can.c                        0x00000000   Number         0  can.o ABSOLUTE
    ..\Core\Src\gpio.c                       0x00000000   Number         0  gpio.o ABSOLUTE
    ..\Core\Src\main.c                       0x00000000   Number         0  main.o ABSOLUTE
    ..\Core\Src\stm32f4xx_hal_msp.c          0x00000000   Number         0  stm32f4xx_hal_msp.o ABSOLUTE
    ..\Core\Src\stm32f4xx_it.c               0x00000000   Number         0  stm32f4xx_it.o ABSOLUTE
    ..\Core\Src\system_stm32f4xx.c           0x00000000   Number         0  system_stm32f4xx.o ABSOLUTE
    ..\Drivers\STM32F4xx_HAL_Driver\Src\stm32f4xx_hal.c 0x00000000   Number         0  stm32f4xx_hal.o ABSOLUTE
    ..\Drivers\STM32F4xx_HAL_Driver\Src\stm32f4xx_hal_can.c 0x00000000   Number         0  stm32f4xx_hal_can.o ABSOLUTE
    ..\Drivers\STM32F4xx_HAL_Driver\Src\stm32f4xx_hal_cortex.c 0x00000000   Number         0  stm32f4xx_hal_cortex.o ABSOLUTE
    ..\Drivers\STM32F4xx_HAL_Driver\Src\stm32f4xx_hal_dma.c 0x00000000   Number         0  stm32f4xx_hal_dma.o ABSOLUTE
    ..\Drivers\STM32F4xx_HAL_Driver\Src\stm32f4xx_hal_dma_ex.c 0x00000000   Number         0  stm32f4xx_hal_dma_ex.o ABSOLUTE
    ..\Drivers\STM32F4xx_HAL_Driver\Src\stm32f4xx_hal_exti.c 0x00000000   Number         0  stm32f4xx_hal_exti.o ABSOLUTE
    ..\Drivers\STM32F4xx_HAL_Driver\Src\stm32f4xx_hal_flash.c 0x00000000   Number         0  stm32f4xx_hal_flash.o ABSOLUTE
    ..\Drivers\STM32F4xx_HAL_Driver\Src\stm32f4xx_hal_flash_ex.c 0x00000000   Number         0  stm32f4xx_hal_flash_ex.o ABSOLUTE
    ..\Drivers\STM32F4xx_HAL_Driver\Src\stm32f4xx_hal_flash_ramfunc.c 0x00000000   Number         0  stm32f4xx_hal_flash_ramfunc.o ABSOLUTE
    ..\Drivers\STM32F4xx_HAL_Driver\Src\stm32f4xx_hal_gpio.c 0x00000000   Number         0  stm32f4xx_hal_gpio.o ABSOLUTE
    ..\Drivers\STM32F4xx_HAL_Driver\Src\stm32f4xx_hal_pwr.c 0x00000000   Number         0  stm32f4xx_hal_pwr.o ABSOLUTE
    ..\Drivers\STM32F4xx_HAL_Driver\Src\stm32f4xx_hal_pwr_ex.c 0x00000000   Number         0  stm32f4xx_hal_pwr_ex.o ABSOLUTE
    ..\Drivers\STM32F4xx_HAL_Driver\Src\stm32f4xx_hal_rcc.c 0x00000000   Number         0  stm32f4xx_hal_rcc.o ABSOLUTE
    ..\Drivers\STM32F4xx_HAL_Driver\Src\stm32f4xx_hal_rcc_ex.c 0x00000000   Number         0  stm32f4xx_hal_rcc_ex.o ABSOLUTE
    ..\Drivers\STM32F4xx_HAL_Driver\Src\stm32f4xx_hal_tim.c 0x00000000   Number         0  stm32f4xx_hal_tim.o ABSOLUTE
    ..\Drivers\STM32F4xx_HAL_Driver\Src\stm32f4xx_hal_tim_ex.c 0x00000000   Number         0  stm32f4xx_hal_tim_ex.o ABSOLUTE
    ..\\protocol\\crc.c                      0x00000000   Number         0  crc.o ABSOLUTE
    ..\\protocol\\master.c                   0x00000000   Number         0  master.o ABSOLUTE
    ..\\protocol\\my_can.c                   0x00000000   Number         0  my_can.o ABSOLUTE
    ..\\protocol\\protocol.c                 0x00000000   Number         0  protocol.o ABSOLUTE
    ..\\protocol\\protocol_api.c             0x00000000   Number         0  protocol_api.o ABSOLUTE
    ..\\protocol\\xsto_api_ii.c              0x00000000   Number         0  xsto_api_ii.o ABSOLUTE
    ..\protocol\alloc.c                      0x00000000   Number         0  alloc.o ABSOLUTE
    ..\protocol\crc.c                        0x00000000   Number         0  crc.o ABSOLUTE
    ..\protocol\master.c                     0x00000000   Number         0  master.o ABSOLUTE
    ..\protocol\my_can.c                     0x00000000   Number         0  my_can.o ABSOLUTE
    ..\protocol\protocol.c                   0x00000000   Number         0  protocol.o ABSOLUTE
    ..\protocol\protocol_api.c               0x00000000   Number         0  protocol_api.o ABSOLUTE
    ..\protocol\protocol_register_management.c 0x00000000   Number         0  protocol_register_management.o ABSOLUTE
    ..\protocol\rt_malloc.c                  0x00000000   Number         0  rt_malloc.o ABSOLUTE
    ..\protocol\xsto_api_ii.c                0x00000000   Number         0  xsto_api_ii.o ABSOLUTE
    cdrcmple.s                               0x00000000   Number         0  cdrcmple.o ABSOLUTE
    dc.s                                     0x00000000   Number         0  dc.o ABSOLUTE
    handlers.s                               0x00000000   Number         0  handlers.o ABSOLUTE
    init.s                                   0x00000000   Number         0  init.o ABSOLUTE
    startup_stm32f446xx.s                    0x00000000   Number         0  startup_stm32f446xx.o ABSOLUTE
    RESET                                    0x08000000   Section      452  startup_stm32f446xx.o(RESET)
    .ARM.Collect$$$$00000000                 0x080001c4   Section        0  entry.o(.ARM.Collect$$$$00000000)
    .ARM.Collect$$$$00000001                 0x080001c4   Section        4  entry2.o(.ARM.Collect$$$$00000001)
    .ARM.Collect$$$$00000004                 0x080001c8   Section        4  entry5.o(.ARM.Collect$$$$00000004)
    .ARM.Collect$$$$00000008                 0x080001cc   Section        0  entry7b.o(.ARM.Collect$$$$00000008)
    .ARM.Collect$$$$0000000A                 0x080001cc   Section        0  entry8b.o(.ARM.Collect$$$$0000000A)
    .ARM.Collect$$$$0000000B                 0x080001cc   Section        8  entry9a.o(.ARM.Collect$$$$0000000B)
    .ARM.Collect$$$$0000000D                 0x080001d4   Section        0  entry10a.o(.ARM.Collect$$$$0000000D)
    .ARM.Collect$$$$0000000F                 0x080001d4   Section        0  entry11a.o(.ARM.Collect$$$$0000000F)
    .ARM.Collect$$$$00002712                 0x080001d4   Section        4  entry2.o(.ARM.Collect$$$$00002712)
    __lit__00000000                          0x080001d4   Data           4  entry2.o(.ARM.Collect$$$$00002712)
    .text                                    0x080001d8   Section       36  startup_stm32f446xx.o(.text)
    $v0                                      0x080001d8   Number         0  startup_stm32f446xx.o(.text)
    .text                                    0x080001fc   Section        0  uldiv.o(.text)
    .text                                    0x0800025e   Section        0  memcpya.o(.text)
    .text                                    0x08000282   Section        0  memseta.o(.text)
    .text                                    0x080002a6   Section        0  llshl.o(.text)
    .text                                    0x080002c4   Section        0  llushr.o(.text)
    .text                                    0x080002e4   Section       36  init.o(.text)
    .text                                    0x08000308   Section        0  __dczerorl.o(.text)
    i.BusFault_Handler                       0x08000342   Section        0  stm32f4xx_it.o(i.BusFault_Handler)
    i.CAN1_RX0_IRQHandler                    0x08000344   Section        0  stm32f4xx_it.o(i.CAN1_RX0_IRQHandler)
    i.CAN_Para_Init                          0x08000350   Section        0  my_can.o(i.CAN_Para_Init)
    i.CANx_SendStdData                       0x08000378   Section        0  my_can.o(i.CANx_SendStdData)
    i.DebugMon_Handler                       0x080003b8   Section        0  stm32f4xx_it.o(i.DebugMon_Handler)
    i.Error_Handler                          0x080003ba   Section        0  main.o(i.Error_Handler)
    i.HAL_CAN_ActivateNotification           0x080003bc   Section        0  stm32f4xx_hal_can.o(i.HAL_CAN_ActivateNotification)
    i.HAL_CAN_AddTxMessage                   0x080003e0   Section        0  stm32f4xx_hal_can.o(i.HAL_CAN_AddTxMessage)
    i.HAL_CAN_ConfigFilter                   0x080004a8   Section        0  stm32f4xx_hal_can.o(i.HAL_CAN_ConfigFilter)
    i.HAL_CAN_ErrorCallback                  0x080005b4   Section        0  stm32f4xx_hal_can.o(i.HAL_CAN_ErrorCallback)
    i.HAL_CAN_GetRxMessage                   0x080005b6   Section        0  stm32f4xx_hal_can.o(i.HAL_CAN_GetRxMessage)
    i.HAL_CAN_IRQHandler                     0x0800069e   Section        0  stm32f4xx_hal_can.o(i.HAL_CAN_IRQHandler)
    i.HAL_CAN_Init                           0x0800089a   Section        0  stm32f4xx_hal_can.o(i.HAL_CAN_Init)
    i.HAL_CAN_MspInit                        0x080009b4   Section        0  can.o(i.HAL_CAN_MspInit)
    i.HAL_CAN_RxFifo0FullCallback            0x08000aac   Section        0  stm32f4xx_hal_can.o(i.HAL_CAN_RxFifo0FullCallback)
    i.HAL_CAN_RxFifo0MsgPendingCallback      0x08000ab0   Section        0  my_can.o(i.HAL_CAN_RxFifo0MsgPendingCallback)
    i.HAL_CAN_RxFifo1FullCallback            0x08000af8   Section        0  stm32f4xx_hal_can.o(i.HAL_CAN_RxFifo1FullCallback)
    i.HAL_CAN_RxFifo1MsgPendingCallback      0x08000afa   Section        0  stm32f4xx_hal_can.o(i.HAL_CAN_RxFifo1MsgPendingCallback)
    i.HAL_CAN_SleepCallback                  0x08000afc   Section        0  stm32f4xx_hal_can.o(i.HAL_CAN_SleepCallback)
    i.HAL_CAN_Start                          0x08000b00   Section        0  stm32f4xx_hal_can.o(i.HAL_CAN_Start)
    i.HAL_CAN_TxMailbox0AbortCallback        0x08000b58   Section        0  stm32f4xx_hal_can.o(i.HAL_CAN_TxMailbox0AbortCallback)
    i.HAL_CAN_TxMailbox0CompleteCallback     0x08000b5a   Section        0  stm32f4xx_hal_can.o(i.HAL_CAN_TxMailbox0CompleteCallback)
    i.HAL_CAN_TxMailbox1AbortCallback        0x08000b5c   Section        0  stm32f4xx_hal_can.o(i.HAL_CAN_TxMailbox1AbortCallback)
    i.HAL_CAN_TxMailbox1CompleteCallback     0x08000b5e   Section        0  stm32f4xx_hal_can.o(i.HAL_CAN_TxMailbox1CompleteCallback)
    i.HAL_CAN_TxMailbox2AbortCallback        0x08000b60   Section        0  stm32f4xx_hal_can.o(i.HAL_CAN_TxMailbox2AbortCallback)
    i.HAL_CAN_TxMailbox2CompleteCallback     0x08000b62   Section        0  stm32f4xx_hal_can.o(i.HAL_CAN_TxMailbox2CompleteCallback)
    i.HAL_CAN_WakeUpFromRxMsgCallback        0x08000b64   Section        0  stm32f4xx_hal_can.o(i.HAL_CAN_WakeUpFromRxMsgCallback)
    i.HAL_GPIO_Init                          0x08000b68   Section        0  stm32f4xx_hal_gpio.o(i.HAL_GPIO_Init)
    i.HAL_GPIO_TogglePin                     0x08000d10   Section        0  stm32f4xx_hal_gpio.o(i.HAL_GPIO_TogglePin)
    i.HAL_GPIO_WritePin                      0x08000d1e   Section        0  stm32f4xx_hal_gpio.o(i.HAL_GPIO_WritePin)
    i.HAL_GetTick                            0x08000d28   Section        0  stm32f4xx_hal.o(i.HAL_GetTick)
    i.HAL_IncTick                            0x08000d34   Section        0  stm32f4xx_hal.o(i.HAL_IncTick)
    i.HAL_Init                               0x08000d44   Section        0  stm32f4xx_hal.o(i.HAL_Init)
    i.HAL_InitTick                           0x08000d78   Section        0  stm32f4xx_hal.o(i.HAL_InitTick)
    i.HAL_MspInit                            0x08000db8   Section        0  stm32f4xx_hal_msp.o(i.HAL_MspInit)
    i.HAL_NVIC_EnableIRQ                     0x08000de8   Section        0  stm32f4xx_hal_cortex.o(i.HAL_NVIC_EnableIRQ)
    i.HAL_NVIC_SetPriority                   0x08000e04   Section        0  stm32f4xx_hal_cortex.o(i.HAL_NVIC_SetPriority)
    i.HAL_NVIC_SetPriorityGrouping           0x08000e44   Section        0  stm32f4xx_hal_cortex.o(i.HAL_NVIC_SetPriorityGrouping)
    i.HAL_RCC_ClockConfig                    0x08000e68   Section        0  stm32f4xx_hal_rcc.o(i.HAL_RCC_ClockConfig)
    i.HAL_RCC_GetSysClockFreq                0x08000f9c   Section        0  stm32f4xx_hal_rcc_ex.o(i.HAL_RCC_GetSysClockFreq)
    i.HAL_RCC_OscConfig                      0x08001034   Section        0  stm32f4xx_hal_rcc_ex.o(i.HAL_RCC_OscConfig)
    i.HAL_SYSTICK_Config                     0x08001378   Section        0  stm32f4xx_hal_cortex.o(i.HAL_SYSTICK_Config)
    i.HardFault_Handler                      0x080013a0   Section        0  stm32f4xx_it.o(i.HardFault_Handler)
    i.MX_CAN1_Init                           0x080013a4   Section        0  can.o(i.MX_CAN1_Init)
    i.MX_CAN2_Init                           0x080013e8   Section        0  can.o(i.MX_CAN2_Init)
    i.MX_GPIO_Init                           0x0800142c   Section        0  gpio.o(i.MX_GPIO_Init)
    i.MemManage_Handler                      0x080014a8   Section        0  stm32f4xx_it.o(i.MemManage_Handler)
    i.NMI_Handler                            0x080014aa   Section        0  stm32f4xx_it.o(i.NMI_Handler)
    i.PDU_to_combine_read                    0x080014ac   Section        0  protocol_api.o(i.PDU_to_combine_read)
    i.PDU_to_combine_write                   0x080014be   Section        0  protocol_api.o(i.PDU_to_combine_write)
    i.PDU_to_msg_data                        0x080014f6   Section        0  protocol_api.o(i.PDU_to_msg_data)
    i.PendSV_Handler                         0x0800150a   Section        0  stm32f4xx_it.o(i.PendSV_Handler)
    i.SVC_Handler                            0x0800150c   Section        0  stm32f4xx_it.o(i.SVC_Handler)
    i.SysTick_Handler                        0x0800150e   Section        0  stm32f4xx_it.o(i.SysTick_Handler)
    i.SystemClock_Config                     0x08001514   Section        0  main.o(i.SystemClock_Config)
    i.SystemInit                             0x0800159c   Section        0  system_stm32f4xx.o(i.SystemInit)
    i.UsageFault_Handler                     0x080015b8   Section        0  stm32f4xx_it.o(i.UsageFault_Handler)
    i.__NVIC_SetPriority                     0x080015ba   Section        0  stm32f4xx_hal_cortex.o(i.__NVIC_SetPriority)
    __NVIC_SetPriority                       0x080015bb   Thumb Code    32  stm32f4xx_hal_cortex.o(i.__NVIC_SetPriority)
    i.__scatterload_copy                     0x080015da   Section       14  handlers.o(i.__scatterload_copy)
    i.__scatterload_null                     0x080015e8   Section        2  handlers.o(i.__scatterload_null)
    i.__scatterload_zeroinit                 0x080015ea   Section       14  handlers.o(i.__scatterload_zeroinit)
    i.add_subscribe_combine_node             0x080015f8   Section        0  protocol_api.o(i.add_subscribe_combine_node)
    i.api_init                               0x080018f8   Section        0  xsto_api_ii.o(i.api_init)
    i.api_message_send                       0x08001908   Section        0  xsto_api_ii.o(i.api_message_send)
    i.api_port_received                      0x0800197c   Section        0  xsto_api_ii.o(i.api_port_received)
    i.api_port_send                          0x08001994   Section        0  my_can.o(i.api_port_send)
    i.can_filter_init                        0x080019a0   Section        0  can.o(i.can_filter_init)
    i.can_receive                            0x080019fc   Section        0  my_can.o(i.can_receive)
    i.can_serial_available                   0x08001a24   Section        0  my_can.o(i.can_serial_available)
    i.can_serial_read                        0x08001a48   Section        0  my_can.o(i.can_serial_read)
    i.can_serial_write                       0x08001a78   Section        0  my_can.o(i.can_serial_write)
    i.can_transmit                           0x08001a8c   Section        0  my_can.o(i.can_transmit)
    i.can_tx_available                       0x08001b48   Section        0  my_can.o(i.can_tx_available)
    i.can_tx_buf                             0x08001b68   Section        0  my_can.o(i.can_tx_buf)
    i.combine_write_to_PDU                   0x08001b92   Section        0  protocol_api.o(i.combine_write_to_PDU)
    i.crc_ccitt                              0x08001bf8   Section        0  crc.o(i.crc_ccitt)
    i.del_subscribe_combine_node             0x08001c28   Section        0  protocol_api.o(i.del_subscribe_combine_node)
    i.get_subscribe_combine_node             0x08001cdc   Section        0  protocol_api.o(i.get_subscribe_combine_node)
    i.main                                   0x08001d68   Section        0  main.o(i.main)
    i.map_init                               0x08001dec   Section        0  master.o(i.map_init)
    i.message_init                           0x08001e84   Section        0  protocol.o(i.message_init)
    i.module_parse_frame                     0x08001e94   Section        0  xsto_api_ii.o(i.module_parse_frame)
    module_parse_frame                       0x08001e95   Thumb Code   180  xsto_api_ii.o(i.module_parse_frame)
    i.module_response                        0x08001f4c   Section        0  xsto_api_ii.o(i.module_response)
    module_response                          0x08001f4d   Thumb Code   100  xsto_api_ii.o(i.module_response)
    i.msg_data_to_PDU                        0x08001fb8   Section        0  protocol_api.o(i.msg_data_to_PDU)
    i.plug_holes                             0x08001fd0   Section        0  rt_malloc.o(i.plug_holes)
    plug_holes                               0x08001fd1   Thumb Code    80  rt_malloc.o(i.plug_holes)
    i.protocol_init                          0x08002024   Section        0  master.o(i.protocol_init)
    i.protocol_received                      0x0800204c   Section        0  protocol.o(i.protocol_received)
    i.protocol_respond                       0x080020a0   Section        0  protocol_api.o(i.protocol_respond)
    i.register_map                           0x08002260   Section        0  protocol_register_management.o(i.register_map)
    i.register_read                          0x080022b0   Section        0  protocol_register_management.o(i.register_read)
    i.register_write                         0x080022e4   Section        0  protocol_register_management.o(i.register_write)
    i.rt_free                                0x08002318   Section        0  rt_malloc.o(i.rt_free)
    i.rt_malloc                              0x08002358   Section        0  rt_malloc.o(i.rt_malloc)
    i.rt_mem_init                            0x08002428   Section        0  alloc.o(i.rt_mem_init)
    i.rt_realloc                             0x08002438   Section        0  rt_malloc.o(i.rt_realloc)
    i.rt_system_heap_init                    0x080024f4   Section        0  rt_malloc.o(i.rt_system_heap_init)
    i.send_message_data                      0x08002540   Section        0  protocol.o(i.send_message_data)
    i.write_status_f                         0x08002560   Section        0  master.o(i.write_status_f)
    .constdata                               0x0800259e   Section       16  system_stm32f4xx.o(.constdata)
    .data                                    0x20000000   Section        4  can.o(.data)
    HAL_RCC_CAN1_CLK_ENABLED                 0x20000000   Data           4  can.o(.data)
    .data                                    0x20000004   Section       12  stm32f4xx_hal.o(.data)
    .data                                    0x20000010   Section        4  system_stm32f4xx.o(.data)
    .data                                    0x20000014   Section      512  crc.o(.data)
    ccitt_table                              0x20000014   Data         512  crc.o(.data)
    .data                                    0x20000214   Section       18  my_can.o(.data)
    .data                                    0x20000228   Section       16  protocol_api.o(.data)
    subscribe_timer                          0x2000022c   Data           4  protocol_api.o(.data)
    .data                                    0x20000238   Section        1  protocol_register_management.o(.data)
    .data                                    0x2000023c   Section       24  rt_malloc.o(.data)
    heap_ptr                                 0x2000023c   Data           4  rt_malloc.o(.data)
    heap_end                                 0x20000240   Data           4  rt_malloc.o(.data)
    lfree                                    0x20000244   Data           4  rt_malloc.o(.data)
    mem_size_aligned                         0x20000248   Data           4  rt_malloc.o(.data)
    used_mem                                 0x2000024c   Data           4  rt_malloc.o(.data)
    max_mem                                  0x20000250   Data           4  rt_malloc.o(.data)
    .data                                    0x20000254   Section       20  xsto_api_ii.o(.data)
    heartbeat_interval                       0x20000254   Data           2  xsto_api_ii.o(.data)
    api_config                               0x20000258   Data           4  xsto_api_ii.o(.data)
    heartbeat                                0x2000025c   Data           4  xsto_api_ii.o(.data)
    api_time                                 0x20000260   Data           4  xsto_api_ii.o(.data)
    last_tick                                0x20000264   Data           4  xsto_api_ii.o(.data)
    .bss                                     0x20000268   Section       80  can.o(.bss)
    .bss                                     0x200002b8   Section     1024  alloc.o(.bss)
    AllocArray                               0x200002b8   Data        1024  alloc.o(.bss)
    .bss                                     0x200006b8   Section      204  master.o(.bss)
    .bss                                     0x20000784   Section      460  my_can.o(.bss)
    Tx_Header                                0x20000804   Data          24  my_can.o(.bss)
    .bss                                     0x20000950   Section      132  protocol_api.o(.bss)
    res_PDU                                  0x20000950   Data         132  protocol_api.o(.bss)
    .bss                                     0x200009d4   Section     1020  protocol_register_management.o(.bss)
    .bss                                     0x20000dd0   Section      284  xsto_api_ii.o(.bss)
    SendBuffer                               0x20000dd0   Data         138  xsto_api_ii.o(.bss)
    Recv_Buffer                              0x20000e5a   Data         146  xsto_api_ii.o(.bss)
    STACK                                    0x20000ef0   Section     2048  startup_stm32f446xx.o(STACK)

    Global Symbols

    Symbol Name                              Value     Ov Type        Size  Object(Section)

    BuildAttributes$$THM_ISAv4$E$P$D$K$B$S$7EM$VFPi3$EXTD16$VFPS$VFMA$PE$A:L22UL41UL21$X:L11$S22US41US21$IEEE1$IW$USESV6$~STKCKD$USESV7$~SHL$OSPACE$ROPI$EBA8$MICROLIB$REQ8$PRES8$EABIv2 0x00000000   Number         0  anon$$obj.o ABSOLUTE
    __ARM_use_no_argv                        0x00000000   Number         0  main.o ABSOLUTE
    _printf_a                                0x00000000   Number         0  stubs.o ABSOLUTE
    _printf_c                                0x00000000   Number         0  stubs.o ABSOLUTE
    _printf_charcount                        0x00000000   Number         0  stubs.o ABSOLUTE
    _printf_d                                0x00000000   Number         0  stubs.o ABSOLUTE
    _printf_e                                0x00000000   Number         0  stubs.o ABSOLUTE
    _printf_f                                0x00000000   Number         0  stubs.o ABSOLUTE
    _printf_flags                            0x00000000   Number         0  stubs.o ABSOLUTE
    _printf_fp_dec                           0x00000000   Number         0  stubs.o ABSOLUTE
    _printf_fp_hex                           0x00000000   Number         0  stubs.o ABSOLUTE
    _printf_g                                0x00000000   Number         0  stubs.o ABSOLUTE
    _printf_i                                0x00000000   Number         0  stubs.o ABSOLUTE
    _printf_int_dec                          0x00000000   Number         0  stubs.o ABSOLUTE
    _printf_l                                0x00000000   Number         0  stubs.o ABSOLUTE
    _printf_lc                               0x00000000   Number         0  stubs.o ABSOLUTE
    _printf_ll                               0x00000000   Number         0  stubs.o ABSOLUTE
    _printf_lld                              0x00000000   Number         0  stubs.o ABSOLUTE
    _printf_lli                              0x00000000   Number         0  stubs.o ABSOLUTE
    _printf_llo                              0x00000000   Number         0  stubs.o ABSOLUTE
    _printf_llu                              0x00000000   Number         0  stubs.o ABSOLUTE
    _printf_llx                              0x00000000   Number         0  stubs.o ABSOLUTE
    _printf_longlong_dec                     0x00000000   Number         0  stubs.o ABSOLUTE
    _printf_longlong_hex                     0x00000000   Number         0  stubs.o ABSOLUTE
    _printf_longlong_oct                     0x00000000   Number         0  stubs.o ABSOLUTE
    _printf_ls                               0x00000000   Number         0  stubs.o ABSOLUTE
    _printf_mbtowc                           0x00000000   Number         0  stubs.o ABSOLUTE
    _printf_n                                0x00000000   Number         0  stubs.o ABSOLUTE
    _printf_o                                0x00000000   Number         0  stubs.o ABSOLUTE
    _printf_p                                0x00000000   Number         0  stubs.o ABSOLUTE
    _printf_percent                          0x00000000   Number         0  stubs.o ABSOLUTE
    _printf_pre_padding                      0x00000000   Number         0  stubs.o ABSOLUTE
    _printf_return_value                     0x00000000   Number         0  stubs.o ABSOLUTE
    _printf_s                                0x00000000   Number         0  stubs.o ABSOLUTE
    _printf_sizespec                         0x00000000   Number         0  stubs.o ABSOLUTE
    _printf_str                              0x00000000   Number         0  stubs.o ABSOLUTE
    _printf_truncate_signed                  0x00000000   Number         0  stubs.o ABSOLUTE
    _printf_truncate_unsigned                0x00000000   Number         0  stubs.o ABSOLUTE
    _printf_u                                0x00000000   Number         0  stubs.o ABSOLUTE
    _printf_wc                               0x00000000   Number         0  stubs.o ABSOLUTE
    _printf_wctomb                           0x00000000   Number         0  stubs.o ABSOLUTE
    _printf_widthprec                        0x00000000   Number         0  stubs.o ABSOLUTE
    _printf_x                                0x00000000   Number         0  stubs.o ABSOLUTE
    __cpp_initialize__aeabi_                  - Undefined Weak Reference
    __cxa_finalize                            - Undefined Weak Reference
    _clock_init                               - Undefined Weak Reference
    _microlib_exit                            - Undefined Weak Reference
    __Vectors_Size                           0x000001c4   Number         0  startup_stm32f446xx.o ABSOLUTE
    __Vectors                                0x08000000   Data           4  startup_stm32f446xx.o(RESET)
    __Vectors_End                            0x080001c4   Data           0  startup_stm32f446xx.o(RESET)
    __main                                   0x080001c5   Thumb Code     0  entry.o(.ARM.Collect$$$$00000000)
    _main_stk                                0x080001c5   Thumb Code     0  entry2.o(.ARM.Collect$$$$00000001)
    _main_scatterload                        0x080001c9   Thumb Code     0  entry5.o(.ARM.Collect$$$$00000004)
    __main_after_scatterload                 0x080001cd   Thumb Code     0  entry5.o(.ARM.Collect$$$$00000004)
    _main_clock                              0x080001cd   Thumb Code     0  entry7b.o(.ARM.Collect$$$$00000008)
    _main_cpp_init                           0x080001cd   Thumb Code     0  entry8b.o(.ARM.Collect$$$$0000000A)
    _main_init                               0x080001cd   Thumb Code     0  entry9a.o(.ARM.Collect$$$$0000000B)
    __rt_final_cpp                           0x080001d5   Thumb Code     0  entry10a.o(.ARM.Collect$$$$0000000D)
    __rt_final_exit                          0x080001d5   Thumb Code     0  entry11a.o(.ARM.Collect$$$$0000000F)
    Reset_Handler                            0x080001d9   Thumb Code     8  startup_stm32f446xx.o(.text)
    ADC_IRQHandler                           0x080001f3   Thumb Code     0  startup_stm32f446xx.o(.text)
    CAN1_RX1_IRQHandler                      0x080001f3   Thumb Code     0  startup_stm32f446xx.o(.text)
    CAN1_SCE_IRQHandler                      0x080001f3   Thumb Code     0  startup_stm32f446xx.o(.text)
    CAN1_TX_IRQHandler                       0x080001f3   Thumb Code     0  startup_stm32f446xx.o(.text)
    CAN2_RX0_IRQHandler                      0x080001f3   Thumb Code     0  startup_stm32f446xx.o(.text)
    CAN2_RX1_IRQHandler                      0x080001f3   Thumb Code     0  startup_stm32f446xx.o(.text)
    CAN2_SCE_IRQHandler                      0x080001f3   Thumb Code     0  startup_stm32f446xx.o(.text)
    CAN2_TX_IRQHandler                       0x080001f3   Thumb Code     0  startup_stm32f446xx.o(.text)
    CEC_IRQHandler                           0x080001f3   Thumb Code     0  startup_stm32f446xx.o(.text)
    DCMI_IRQHandler                          0x080001f3   Thumb Code     0  startup_stm32f446xx.o(.text)
    DMA1_Stream0_IRQHandler                  0x080001f3   Thumb Code     0  startup_stm32f446xx.o(.text)
    DMA1_Stream1_IRQHandler                  0x080001f3   Thumb Code     0  startup_stm32f446xx.o(.text)
    DMA1_Stream2_IRQHandler                  0x080001f3   Thumb Code     0  startup_stm32f446xx.o(.text)
    DMA1_Stream3_IRQHandler                  0x080001f3   Thumb Code     0  startup_stm32f446xx.o(.text)
    DMA1_Stream4_IRQHandler                  0x080001f3   Thumb Code     0  startup_stm32f446xx.o(.text)
    DMA1_Stream5_IRQHandler                  0x080001f3   Thumb Code     0  startup_stm32f446xx.o(.text)
    DMA1_Stream6_IRQHandler                  0x080001f3   Thumb Code     0  startup_stm32f446xx.o(.text)
    DMA1_Stream7_IRQHandler                  0x080001f3   Thumb Code     0  startup_stm32f446xx.o(.text)
    DMA2_Stream0_IRQHandler                  0x080001f3   Thumb Code     0  startup_stm32f446xx.o(.text)
    DMA2_Stream1_IRQHandler                  0x080001f3   Thumb Code     0  startup_stm32f446xx.o(.text)
    DMA2_Stream2_IRQHandler                  0x080001f3   Thumb Code     0  startup_stm32f446xx.o(.text)
    DMA2_Stream3_IRQHandler                  0x080001f3   Thumb Code     0  startup_stm32f446xx.o(.text)
    DMA2_Stream4_IRQHandler                  0x080001f3   Thumb Code     0  startup_stm32f446xx.o(.text)
    DMA2_Stream5_IRQHandler                  0x080001f3   Thumb Code     0  startup_stm32f446xx.o(.text)
    DMA2_Stream6_IRQHandler                  0x080001f3   Thumb Code     0  startup_stm32f446xx.o(.text)
    DMA2_Stream7_IRQHandler                  0x080001f3   Thumb Code     0  startup_stm32f446xx.o(.text)
    EXTI0_IRQHandler                         0x080001f3   Thumb Code     0  startup_stm32f446xx.o(.text)
    EXTI15_10_IRQHandler                     0x080001f3   Thumb Code     0  startup_stm32f446xx.o(.text)
    EXTI1_IRQHandler                         0x080001f3   Thumb Code     0  startup_stm32f446xx.o(.text)
    EXTI2_IRQHandler                         0x080001f3   Thumb Code     0  startup_stm32f446xx.o(.text)
    EXTI3_IRQHandler                         0x080001f3   Thumb Code     0  startup_stm32f446xx.o(.text)
    EXTI4_IRQHandler                         0x080001f3   Thumb Code     0  startup_stm32f446xx.o(.text)
    EXTI9_5_IRQHandler                       0x080001f3   Thumb Code     0  startup_stm32f446xx.o(.text)
    FLASH_IRQHandler                         0x080001f3   Thumb Code     0  startup_stm32f446xx.o(.text)
    FMC_IRQHandler                           0x080001f3   Thumb Code     0  startup_stm32f446xx.o(.text)
    FMPI2C1_ER_IRQHandler                    0x080001f3   Thumb Code     0  startup_stm32f446xx.o(.text)
    FMPI2C1_EV_IRQHandler                    0x080001f3   Thumb Code     0  startup_stm32f446xx.o(.text)
    FPU_IRQHandler                           0x080001f3   Thumb Code     0  startup_stm32f446xx.o(.text)
    I2C1_ER_IRQHandler                       0x080001f3   Thumb Code     0  startup_stm32f446xx.o(.text)
    I2C1_EV_IRQHandler                       0x080001f3   Thumb Code     0  startup_stm32f446xx.o(.text)
    I2C2_ER_IRQHandler                       0x080001f3   Thumb Code     0  startup_stm32f446xx.o(.text)
    I2C2_EV_IRQHandler                       0x080001f3   Thumb Code     0  startup_stm32f446xx.o(.text)
    I2C3_ER_IRQHandler                       0x080001f3   Thumb Code     0  startup_stm32f446xx.o(.text)
    I2C3_EV_IRQHandler                       0x080001f3   Thumb Code     0  startup_stm32f446xx.o(.text)
    OTG_FS_IRQHandler                        0x080001f3   Thumb Code     0  startup_stm32f446xx.o(.text)
    OTG_FS_WKUP_IRQHandler                   0x080001f3   Thumb Code     0  startup_stm32f446xx.o(.text)
    OTG_HS_EP1_IN_IRQHandler                 0x080001f3   Thumb Code     0  startup_stm32f446xx.o(.text)
    OTG_HS_EP1_OUT_IRQHandler                0x080001f3   Thumb Code     0  startup_stm32f446xx.o(.text)
    OTG_HS_IRQHandler                        0x080001f3   Thumb Code     0  startup_stm32f446xx.o(.text)
    OTG_HS_WKUP_IRQHandler                   0x080001f3   Thumb Code     0  startup_stm32f446xx.o(.text)
    PVD_IRQHandler                           0x080001f3   Thumb Code     0  startup_stm32f446xx.o(.text)
    QUADSPI_IRQHandler                       0x080001f3   Thumb Code     0  startup_stm32f446xx.o(.text)
    RCC_IRQHandler                           0x080001f3   Thumb Code     0  startup_stm32f446xx.o(.text)
    RTC_Alarm_IRQHandler                     0x080001f3   Thumb Code     0  startup_stm32f446xx.o(.text)
    RTC_WKUP_IRQHandler                      0x080001f3   Thumb Code     0  startup_stm32f446xx.o(.text)
    SAI1_IRQHandler                          0x080001f3   Thumb Code     0  startup_stm32f446xx.o(.text)
    SAI2_IRQHandler                          0x080001f3   Thumb Code     0  startup_stm32f446xx.o(.text)
    SDIO_IRQHandler                          0x080001f3   Thumb Code     0  startup_stm32f446xx.o(.text)
    SPDIF_RX_IRQHandler                      0x080001f3   Thumb Code     0  startup_stm32f446xx.o(.text)
    SPI1_IRQHandler                          0x080001f3   Thumb Code     0  startup_stm32f446xx.o(.text)
    SPI2_IRQHandler                          0x080001f3   Thumb Code     0  startup_stm32f446xx.o(.text)
    SPI3_IRQHandler                          0x080001f3   Thumb Code     0  startup_stm32f446xx.o(.text)
    SPI4_IRQHandler                          0x080001f3   Thumb Code     0  startup_stm32f446xx.o(.text)
    TAMP_STAMP_IRQHandler                    0x080001f3   Thumb Code     0  startup_stm32f446xx.o(.text)
    TIM1_BRK_TIM9_IRQHandler                 0x080001f3   Thumb Code     0  startup_stm32f446xx.o(.text)
    TIM1_CC_IRQHandler                       0x080001f3   Thumb Code     0  startup_stm32f446xx.o(.text)
    TIM1_TRG_COM_TIM11_IRQHandler            0x080001f3   Thumb Code     0  startup_stm32f446xx.o(.text)
    TIM1_UP_TIM10_IRQHandler                 0x080001f3   Thumb Code     0  startup_stm32f446xx.o(.text)
    TIM2_IRQHandler                          0x080001f3   Thumb Code     0  startup_stm32f446xx.o(.text)
    TIM3_IRQHandler                          0x080001f3   Thumb Code     0  startup_stm32f446xx.o(.text)
    TIM4_IRQHandler                          0x080001f3   Thumb Code     0  startup_stm32f446xx.o(.text)
    TIM5_IRQHandler                          0x080001f3   Thumb Code     0  startup_stm32f446xx.o(.text)
    TIM6_DAC_IRQHandler                      0x080001f3   Thumb Code     0  startup_stm32f446xx.o(.text)
    TIM7_IRQHandler                          0x080001f3   Thumb Code     0  startup_stm32f446xx.o(.text)
    TIM8_BRK_TIM12_IRQHandler                0x080001f3   Thumb Code     0  startup_stm32f446xx.o(.text)
    TIM8_CC_IRQHandler                       0x080001f3   Thumb Code     0  startup_stm32f446xx.o(.text)
    TIM8_TRG_COM_TIM14_IRQHandler            0x080001f3   Thumb Code     0  startup_stm32f446xx.o(.text)
    TIM8_UP_TIM13_IRQHandler                 0x080001f3   Thumb Code     0  startup_stm32f446xx.o(.text)
    UART4_IRQHandler                         0x080001f3   Thumb Code     0  startup_stm32f446xx.o(.text)
    UART5_IRQHandler                         0x080001f3   Thumb Code     0  startup_stm32f446xx.o(.text)
    USART1_IRQHandler                        0x080001f3   Thumb Code     0  startup_stm32f446xx.o(.text)
    USART2_IRQHandler                        0x080001f3   Thumb Code     0  startup_stm32f446xx.o(.text)
    USART3_IRQHandler                        0x080001f3   Thumb Code     0  startup_stm32f446xx.o(.text)
    USART6_IRQHandler                        0x080001f3   Thumb Code     0  startup_stm32f446xx.o(.text)
    WWDG_IRQHandler                          0x080001f3   Thumb Code     0  startup_stm32f446xx.o(.text)
    __aeabi_uldivmod                         0x080001fd   Thumb Code    98  uldiv.o(.text)
    __aeabi_memcpy                           0x0800025f   Thumb Code    36  memcpya.o(.text)
    __aeabi_memcpy4                          0x0800025f   Thumb Code     0  memcpya.o(.text)
    __aeabi_memcpy8                          0x0800025f   Thumb Code     0  memcpya.o(.text)
    __aeabi_memset                           0x08000283   Thumb Code    14  memseta.o(.text)
    __aeabi_memset4                          0x08000283   Thumb Code     0  memseta.o(.text)
    __aeabi_memset8                          0x08000283   Thumb Code     0  memseta.o(.text)
    __aeabi_memclr                           0x08000291   Thumb Code     4  memseta.o(.text)
    __aeabi_memclr4                          0x08000291   Thumb Code     0  memseta.o(.text)
    __aeabi_memclr8                          0x08000291   Thumb Code     0  memseta.o(.text)
    _memset$wrapper                          0x08000295   Thumb Code    18  memseta.o(.text)
    __aeabi_llsl                             0x080002a7   Thumb Code    30  llshl.o(.text)
    _ll_shift_l                              0x080002a7   Thumb Code     0  llshl.o(.text)
    __aeabi_llsr                             0x080002c5   Thumb Code    32  llushr.o(.text)
    _ll_ushift_r                             0x080002c5   Thumb Code     0  llushr.o(.text)
    __scatterload                            0x080002e5   Thumb Code    28  init.o(.text)
    __scatterload_rt2                        0x080002e5   Thumb Code     0  init.o(.text)
    __decompress                             0x08000309   Thumb Code     0  __dczerorl.o(.text)
    __decompress0                            0x08000309   Thumb Code    58  __dczerorl.o(.text)
    BusFault_Handler                         0x08000343   Thumb Code     2  stm32f4xx_it.o(i.BusFault_Handler)
    CAN1_RX0_IRQHandler                      0x08000345   Thumb Code     6  stm32f4xx_it.o(i.CAN1_RX0_IRQHandler)
    CAN_Para_Init                            0x08000351   Thumb Code    34  my_can.o(i.CAN_Para_Init)
    CANx_SendStdData                         0x08000379   Thumb Code    60  my_can.o(i.CANx_SendStdData)
    DebugMon_Handler                         0x080003b9   Thumb Code     2  stm32f4xx_it.o(i.DebugMon_Handler)
    Error_Handler                            0x080003bb   Thumb Code     2  main.o(i.Error_Handler)
    HAL_CAN_ActivateNotification             0x080003bd   Thumb Code    36  stm32f4xx_hal_can.o(i.HAL_CAN_ActivateNotification)
    HAL_CAN_AddTxMessage                     0x080003e1   Thumb Code   200  stm32f4xx_hal_can.o(i.HAL_CAN_AddTxMessage)
    HAL_CAN_ConfigFilter                     0x080004a9   Thumb Code   262  stm32f4xx_hal_can.o(i.HAL_CAN_ConfigFilter)
    HAL_CAN_ErrorCallback                    0x080005b5   Thumb Code     2  stm32f4xx_hal_can.o(i.HAL_CAN_ErrorCallback)
    HAL_CAN_GetRxMessage                     0x080005b7   Thumb Code   232  stm32f4xx_hal_can.o(i.HAL_CAN_GetRxMessage)
    HAL_CAN_IRQHandler                       0x0800069f   Thumb Code   508  stm32f4xx_hal_can.o(i.HAL_CAN_IRQHandler)
    HAL_CAN_Init                             0x0800089b   Thumb Code   282  stm32f4xx_hal_can.o(i.HAL_CAN_Init)
    HAL_CAN_MspInit                          0x080009b5   Thumb Code   228  can.o(i.HAL_CAN_MspInit)
    HAL_CAN_RxFifo0FullCallback              0x08000aad   Thumb Code     2  stm32f4xx_hal_can.o(i.HAL_CAN_RxFifo0FullCallback)
    HAL_CAN_RxFifo0MsgPendingCallback        0x08000ab1   Thumb Code    56  my_can.o(i.HAL_CAN_RxFifo0MsgPendingCallback)
    HAL_CAN_RxFifo1FullCallback              0x08000af9   Thumb Code     2  stm32f4xx_hal_can.o(i.HAL_CAN_RxFifo1FullCallback)
    HAL_CAN_RxFifo1MsgPendingCallback        0x08000afb   Thumb Code     2  stm32f4xx_hal_can.o(i.HAL_CAN_RxFifo1MsgPendingCallback)
    HAL_CAN_SleepCallback                    0x08000afd   Thumb Code     2  stm32f4xx_hal_can.o(i.HAL_CAN_SleepCallback)
    HAL_CAN_Start                            0x08000b01   Thumb Code    88  stm32f4xx_hal_can.o(i.HAL_CAN_Start)
    HAL_CAN_TxMailbox0AbortCallback          0x08000b59   Thumb Code     2  stm32f4xx_hal_can.o(i.HAL_CAN_TxMailbox0AbortCallback)
    HAL_CAN_TxMailbox0CompleteCallback       0x08000b5b   Thumb Code     2  stm32f4xx_hal_can.o(i.HAL_CAN_TxMailbox0CompleteCallback)
    HAL_CAN_TxMailbox1AbortCallback          0x08000b5d   Thumb Code     2  stm32f4xx_hal_can.o(i.HAL_CAN_TxMailbox1AbortCallback)
    HAL_CAN_TxMailbox1CompleteCallback       0x08000b5f   Thumb Code     2  stm32f4xx_hal_can.o(i.HAL_CAN_TxMailbox1CompleteCallback)
    HAL_CAN_TxMailbox2AbortCallback          0x08000b61   Thumb Code     2  stm32f4xx_hal_can.o(i.HAL_CAN_TxMailbox2AbortCallback)
    HAL_CAN_TxMailbox2CompleteCallback       0x08000b63   Thumb Code     2  stm32f4xx_hal_can.o(i.HAL_CAN_TxMailbox2CompleteCallback)
    HAL_CAN_WakeUpFromRxMsgCallback          0x08000b65   Thumb Code     2  stm32f4xx_hal_can.o(i.HAL_CAN_WakeUpFromRxMsgCallback)
    HAL_GPIO_Init                            0x08000b69   Thumb Code   384  stm32f4xx_hal_gpio.o(i.HAL_GPIO_Init)
    HAL_GPIO_TogglePin                       0x08000d11   Thumb Code    14  stm32f4xx_hal_gpio.o(i.HAL_GPIO_TogglePin)
    HAL_GPIO_WritePin                        0x08000d1f   Thumb Code    10  stm32f4xx_hal_gpio.o(i.HAL_GPIO_WritePin)
    HAL_GetTick                              0x08000d29   Thumb Code     6  stm32f4xx_hal.o(i.HAL_GetTick)
    HAL_IncTick                              0x08000d35   Thumb Code    12  stm32f4xx_hal.o(i.HAL_IncTick)
    HAL_Init                                 0x08000d45   Thumb Code    48  stm32f4xx_hal.o(i.HAL_Init)
    HAL_InitTick                             0x08000d79   Thumb Code    54  stm32f4xx_hal.o(i.HAL_InitTick)
    HAL_MspInit                              0x08000db9   Thumb Code    42  stm32f4xx_hal_msp.o(i.HAL_MspInit)
    HAL_NVIC_EnableIRQ                       0x08000de9   Thumb Code    26  stm32f4xx_hal_cortex.o(i.HAL_NVIC_EnableIRQ)
    HAL_NVIC_SetPriority                     0x08000e05   Thumb Code    60  stm32f4xx_hal_cortex.o(i.HAL_NVIC_SetPriority)
    HAL_NVIC_SetPriorityGrouping             0x08000e45   Thumb Code    26  stm32f4xx_hal_cortex.o(i.HAL_NVIC_SetPriorityGrouping)
    HAL_RCC_ClockConfig                      0x08000e69   Thumb Code   288  stm32f4xx_hal_rcc.o(i.HAL_RCC_ClockConfig)
    HAL_RCC_GetSysClockFreq                  0x08000f9d   Thumb Code   140  stm32f4xx_hal_rcc_ex.o(i.HAL_RCC_GetSysClockFreq)
    HAL_RCC_OscConfig                        0x08001035   Thumb Code   814  stm32f4xx_hal_rcc_ex.o(i.HAL_RCC_OscConfig)
    HAL_SYSTICK_Config                       0x08001379   Thumb Code    40  stm32f4xx_hal_cortex.o(i.HAL_SYSTICK_Config)
    HardFault_Handler                        0x080013a1   Thumb Code     2  stm32f4xx_it.o(i.HardFault_Handler)
    MX_CAN1_Init                             0x080013a5   Thumb Code    60  can.o(i.MX_CAN1_Init)
    MX_CAN2_Init                             0x080013e9   Thumb Code    60  can.o(i.MX_CAN2_Init)
    MX_GPIO_Init                             0x0800142d   Thumb Code   114  gpio.o(i.MX_GPIO_Init)
    MemManage_Handler                        0x080014a9   Thumb Code     2  stm32f4xx_it.o(i.MemManage_Handler)
    NMI_Handler                              0x080014ab   Thumb Code     2  stm32f4xx_it.o(i.NMI_Handler)
    PDU_to_combine_read                      0x080014ad   Thumb Code    18  protocol_api.o(i.PDU_to_combine_read)
    PDU_to_combine_write                     0x080014bf   Thumb Code    56  protocol_api.o(i.PDU_to_combine_write)
    PDU_to_msg_data                          0x080014f7   Thumb Code    20  protocol_api.o(i.PDU_to_msg_data)
    PendSV_Handler                           0x0800150b   Thumb Code     2  stm32f4xx_it.o(i.PendSV_Handler)
    SVC_Handler                              0x0800150d   Thumb Code     2  stm32f4xx_it.o(i.SVC_Handler)
    SysTick_Handler                          0x0800150f   Thumb Code     4  stm32f4xx_it.o(i.SysTick_Handler)
    SystemClock_Config                       0x08001515   Thumb Code   126  main.o(i.SystemClock_Config)
    SystemInit                               0x0800159d   Thumb Code    22  system_stm32f4xx.o(i.SystemInit)
    UsageFault_Handler                       0x080015b9   Thumb Code     2  stm32f4xx_it.o(i.UsageFault_Handler)
    __scatterload_copy                       0x080015db   Thumb Code    14  handlers.o(i.__scatterload_copy)
    __scatterload_null                       0x080015e9   Thumb Code     2  handlers.o(i.__scatterload_null)
    __scatterload_zeroinit                   0x080015eb   Thumb Code    14  handlers.o(i.__scatterload_zeroinit)
    add_subscribe_combine_node               0x080015f9   Thumb Code   762  protocol_api.o(i.add_subscribe_combine_node)
    api_init                                 0x080018f9   Thumb Code    10  xsto_api_ii.o(i.api_init)
    api_message_send                         0x08001909   Thumb Code   110  xsto_api_ii.o(i.api_message_send)
    api_port_received                        0x0800197d   Thumb Code    24  xsto_api_ii.o(i.api_port_received)
    api_port_send                            0x08001995   Thumb Code    10  my_can.o(i.api_port_send)
    can_filter_init                          0x080019a1   Thumb Code    86  can.o(i.can_filter_init)
    can_receive                              0x080019fd   Thumb Code    36  my_can.o(i.can_receive)
    can_serial_available                     0x08001a25   Thumb Code    32  my_can.o(i.can_serial_available)
    can_serial_read                          0x08001a49   Thumb Code    44  my_can.o(i.can_serial_read)
    can_serial_write                         0x08001a79   Thumb Code    14  my_can.o(i.can_serial_write)
    can_transmit                             0x08001a8d   Thumb Code   176  my_can.o(i.can_transmit)
    can_tx_available                         0x08001b49   Thumb Code    32  my_can.o(i.can_tx_available)
    can_tx_buf                               0x08001b69   Thumb Code    42  my_can.o(i.can_tx_buf)
    combine_write_to_PDU                     0x08001b93   Thumb Code   100  protocol_api.o(i.combine_write_to_PDU)
    crc_ccitt                                0x08001bf9   Thumb Code    42  crc.o(i.crc_ccitt)
    del_subscribe_combine_node               0x08001c29   Thumb Code   174  protocol_api.o(i.del_subscribe_combine_node)
    get_subscribe_combine_node               0x08001cdd   Thumb Code   134  protocol_api.o(i.get_subscribe_combine_node)
    main                                     0x08001d69   Thumb Code   124  main.o(i.main)
    map_init                                 0x08001ded   Thumb Code   148  master.o(i.map_init)
    message_init                             0x08001e85   Thumb Code    14  protocol.o(i.message_init)
    msg_data_to_PDU                          0x08001fb9   Thumb Code    22  protocol_api.o(i.msg_data_to_PDU)
    protocol_init                            0x08002025   Thumb Code    34  master.o(i.protocol_init)
    protocol_received                        0x0800204d   Thumb Code    82  protocol.o(i.protocol_received)
    protocol_respond                         0x080020a1   Thumb Code   438  protocol_api.o(i.protocol_respond)
    register_map                             0x08002261   Thumb Code    72  protocol_register_management.o(i.register_map)
    register_read                            0x080022b1   Thumb Code    46  protocol_register_management.o(i.register_read)
    register_write                           0x080022e5   Thumb Code    46  protocol_register_management.o(i.register_write)
    rt_free                                  0x08002319   Thumb Code    58  rt_malloc.o(i.rt_free)
    rt_malloc                                0x08002359   Thumb Code   204  rt_malloc.o(i.rt_malloc)
    rt_mem_init                              0x08002429   Thumb Code    10  alloc.o(i.rt_mem_init)
    rt_realloc                               0x08002439   Thumb Code   182  rt_malloc.o(i.rt_realloc)
    rt_system_heap_init                      0x080024f5   Thumb Code    70  rt_malloc.o(i.rt_system_heap_init)
    send_message_data                        0x08002541   Thumb Code    32  protocol.o(i.send_message_data)
    write_status_f                           0x08002561   Thumb Code    62  master.o(i.write_status_f)
    AHBPrescTable                            0x0800259e   Data          16  system_stm32f4xx.o(.constdata)
    Region$$Table$$Base                      0x080025b0   Number         0  anon$$obj.o(Region$$Table)
    Region$$Table$$Limit                     0x080025d0   Number         0  anon$$obj.o(Region$$Table)
    uwTickFreq                               0x20000004   Data           1  stm32f4xx_hal.o(.data)
    uwTickPrio                               0x20000008   Data           4  stm32f4xx_hal.o(.data)
    uwTick                                   0x2000000c   Data           4  stm32f4xx_hal.o(.data)
    SystemCoreClock                          0x20000010   Data           4  system_stm32f4xx.o(.data)
    tx_len1                                  0x20000214   Data           2  my_can.o(.data)
    TxMsg                                    0x20000216   Data           8  my_can.o(.data)
    rx_data                                  0x2000021e   Data           8  my_can.o(.data)
    write_Data_flag                          0x20000228   Data           1  protocol_api.o(.data)
    fcnode_head                              0x20000230   Data           8  protocol_api.o(.data)
    reg_init                                 0x20000238   Data           1  protocol_register_management.o(.data)
    hcan1                                    0x20000268   Data          40  can.o(.bss)
    hcan2                                    0x20000290   Data          40  can.o(.bss)
    msg_buff                                 0x200006b8   Data         128  master.o(.bss)
    API_Config                               0x20000738   Data          28  master.o(.bss)
    API_Message                              0x20000754   Data          16  master.o(.bss)
    CanRegister                              0x20000764   Data          32  master.o(.bss)
    Car_buff                                 0x20000784   Data         128  my_can.o(.bss)
    CANRx_Buffer                             0x2000081c   Data          12  my_can.o(.bss)
    CAN_Rx_buffer                            0x20000828   Data         128  my_can.o(.bss)
    CANTx_Buffer                             0x200008a8   Data          12  my_can.o(.bss)
    CAN_Tx_buffer                            0x200008b4   Data         128  my_can.o(.bss)
    rx_header                                0x20000934   Data          28  my_can.o(.bss)
    Register                                 0x200009d4   Data        1020  protocol_register_management.o(.bss)
    __initial_sp                             0x200016f0   Data           0  startup_stm32f446xx.o(STACK)



==============================================================================

Memory Map of the image

  Image Entry point : 0x080001c5

  Load Region LR_IROM1 (Base: 0x08000000, Size: 0x00002838, Max: 0x00040000, ABSOLUTE, COMPRESSED[0x000027ec])

    Execution Region ER_IROM1 (Exec base: 0x08000000, Load base: 0x08000000, Size: 0x000025d0, Max: 0x00040000, ABSOLUTE)

    Exec Addr    Load Addr    Size         Type   Attr      Idx    E Section Name        Object

    0x08000000   0x08000000   0x000001c4   Data   RO            3    RESET               startup_stm32f446xx.o
    0x080001c4   0x080001c4   0x00000000   Code   RO         2462  * .ARM.Collect$$$$00000000  mc_w.l(entry.o)
    0x080001c4   0x080001c4   0x00000004   Code   RO         2736    .ARM.Collect$$$$00000001  mc_w.l(entry2.o)
    0x080001c8   0x080001c8   0x00000004   Code   RO         2739    .ARM.Collect$$$$00000004  mc_w.l(entry5.o)
    0x080001cc   0x080001cc   0x00000000   Code   RO         2741    .ARM.Collect$$$$00000008  mc_w.l(entry7b.o)
    0x080001cc   0x080001cc   0x00000000   Code   RO         2743    .ARM.Collect$$$$0000000A  mc_w.l(entry8b.o)
    0x080001cc   0x080001cc   0x00000008   Code   RO         2744    .ARM.Collect$$$$0000000B  mc_w.l(entry9a.o)
    0x080001d4   0x080001d4   0x00000000   Code   RO         2746    .ARM.Collect$$$$0000000D  mc_w.l(entry10a.o)
    0x080001d4   0x080001d4   0x00000000   Code   RO         2748    .ARM.Collect$$$$0000000F  mc_w.l(entry11a.o)
    0x080001d4   0x080001d4   0x00000004   Code   RO         2737    .ARM.Collect$$$$00002712  mc_w.l(entry2.o)
    0x080001d8   0x080001d8   0x00000024   Code   RO            4    .text               startup_stm32f446xx.o
    0x080001fc   0x080001fc   0x00000062   Code   RO         2465    .text               mc_w.l(uldiv.o)
    0x0800025e   0x0800025e   0x00000024   Code   RO         2467    .text               mc_w.l(memcpya.o)
    0x08000282   0x08000282   0x00000024   Code   RO         2469    .text               mc_w.l(memseta.o)
    0x080002a6   0x080002a6   0x0000001e   Code   RO         2755    .text               mc_w.l(llshl.o)
    0x080002c4   0x080002c4   0x00000020   Code   RO         2757    .text               mc_w.l(llushr.o)
    0x080002e4   0x080002e4   0x00000024   Code   RO         2770    .text               mc_w.l(init.o)
    0x08000308   0x08000308   0x0000003a   Code   RO         2786    .text               mc_w.l(__dczerorl.o)
    0x08000342   0x08000342   0x00000002   Code   RO          281    i.BusFault_Handler  stm32f4xx_it.o
    0x08000344   0x08000344   0x0000000c   Code   RO          282    i.CAN1_RX0_IRQHandler  stm32f4xx_it.o
    0x08000350   0x08000350   0x00000028   Code   RO         2054    i.CAN_Para_Init     my_can.o
    0x08000378   0x08000378   0x00000040   Code   RO         2055    i.CANx_SendStdData  my_can.o
    0x080003b8   0x080003b8   0x00000002   Code   RO          283    i.DebugMon_Handler  stm32f4xx_it.o
    0x080003ba   0x080003ba   0x00000002   Code   RO           13    i.Error_Handler     main.o
    0x080003bc   0x080003bc   0x00000024   Code   RO          388    i.HAL_CAN_ActivateNotification  stm32f4xx_hal_can.o
    0x080003e0   0x080003e0   0x000000c8   Code   RO          389    i.HAL_CAN_AddTxMessage  stm32f4xx_hal_can.o
    0x080004a8   0x080004a8   0x0000010c   Code   RO          390    i.HAL_CAN_ConfigFilter  stm32f4xx_hal_can.o
    0x080005b4   0x080005b4   0x00000002   Code   RO          393    i.HAL_CAN_ErrorCallback  stm32f4xx_hal_can.o
    0x080005b6   0x080005b6   0x000000e8   Code   RO          396    i.HAL_CAN_GetRxMessage  stm32f4xx_hal_can.o
    0x0800069e   0x0800069e   0x000001fc   Code   RO          400    i.HAL_CAN_IRQHandler  stm32f4xx_hal_can.o
    0x0800089a   0x0800089a   0x0000011a   Code   RO          401    i.HAL_CAN_Init      stm32f4xx_hal_can.o
    0x080009b4   0x080009b4   0x000000f8   Code   RO          227    i.HAL_CAN_MspInit   can.o
    0x08000aac   0x08000aac   0x00000002   Code   RO          408    i.HAL_CAN_RxFifo0FullCallback  stm32f4xx_hal_can.o
    0x08000aae   0x08000aae   0x00000002   PAD
    0x08000ab0   0x08000ab0   0x00000048   Code   RO         2056    i.HAL_CAN_RxFifo0MsgPendingCallback  my_can.o
    0x08000af8   0x08000af8   0x00000002   Code   RO          410    i.HAL_CAN_RxFifo1FullCallback  stm32f4xx_hal_can.o
    0x08000afa   0x08000afa   0x00000002   Code   RO          411    i.HAL_CAN_RxFifo1MsgPendingCallback  stm32f4xx_hal_can.o
    0x08000afc   0x08000afc   0x00000002   Code   RO          412    i.HAL_CAN_SleepCallback  stm32f4xx_hal_can.o
    0x08000afe   0x08000afe   0x00000002   PAD
    0x08000b00   0x08000b00   0x00000058   Code   RO          413    i.HAL_CAN_Start     stm32f4xx_hal_can.o
    0x08000b58   0x08000b58   0x00000002   Code   RO          415    i.HAL_CAN_TxMailbox0AbortCallback  stm32f4xx_hal_can.o
    0x08000b5a   0x08000b5a   0x00000002   Code   RO          416    i.HAL_CAN_TxMailbox0CompleteCallback  stm32f4xx_hal_can.o
    0x08000b5c   0x08000b5c   0x00000002   Code   RO          417    i.HAL_CAN_TxMailbox1AbortCallback  stm32f4xx_hal_can.o
    0x08000b5e   0x08000b5e   0x00000002   Code   RO          418    i.HAL_CAN_TxMailbox1CompleteCallback  stm32f4xx_hal_can.o
    0x08000b60   0x08000b60   0x00000002   Code   RO          419    i.HAL_CAN_TxMailbox2AbortCallback  stm32f4xx_hal_can.o
    0x08000b62   0x08000b62   0x00000002   Code   RO          420    i.HAL_CAN_TxMailbox2CompleteCallback  stm32f4xx_hal_can.o
    0x08000b64   0x08000b64   0x00000002   Code   RO          422    i.HAL_CAN_WakeUpFromRxMsgCallback  stm32f4xx_hal_can.o
    0x08000b66   0x08000b66   0x00000002   PAD
    0x08000b68   0x08000b68   0x000001a8   Code   RO         1060    i.HAL_GPIO_Init     stm32f4xx_hal_gpio.o
    0x08000d10   0x08000d10   0x0000000e   Code   RO         1063    i.HAL_GPIO_TogglePin  stm32f4xx_hal_gpio.o
    0x08000d1e   0x08000d1e   0x0000000a   Code   RO         1064    i.HAL_GPIO_WritePin  stm32f4xx_hal_gpio.o
    0x08000d28   0x08000d28   0x0000000c   Code   RO         1610    i.HAL_GetTick       stm32f4xx_hal.o
    0x08000d34   0x08000d34   0x00000010   Code   RO         1616    i.HAL_IncTick       stm32f4xx_hal.o
    0x08000d44   0x08000d44   0x00000034   Code   RO         1617    i.HAL_Init          stm32f4xx_hal.o
    0x08000d78   0x08000d78   0x00000040   Code   RO         1618    i.HAL_InitTick      stm32f4xx_hal.o
    0x08000db8   0x08000db8   0x00000030   Code   RO          363    i.HAL_MspInit       stm32f4xx_hal_msp.o
    0x08000de8   0x08000de8   0x0000001a   Code   RO         1467    i.HAL_NVIC_EnableIRQ  stm32f4xx_hal_cortex.o
    0x08000e02   0x08000e02   0x00000002   PAD
    0x08000e04   0x08000e04   0x00000040   Code   RO         1473    i.HAL_NVIC_SetPriority  stm32f4xx_hal_cortex.o
    0x08000e44   0x08000e44   0x00000024   Code   RO         1474    i.HAL_NVIC_SetPriorityGrouping  stm32f4xx_hal_cortex.o
    0x08000e68   0x08000e68   0x00000134   Code   RO          622    i.HAL_RCC_ClockConfig  stm32f4xx_hal_rcc.o
    0x08000f9c   0x08000f9c   0x00000098   Code   RO          733    i.HAL_RCC_GetSysClockFreq  stm32f4xx_hal_rcc_ex.o
    0x08001034   0x08001034   0x00000344   Code   RO          734    i.HAL_RCC_OscConfig  stm32f4xx_hal_rcc_ex.o
    0x08001378   0x08001378   0x00000028   Code   RO         1478    i.HAL_SYSTICK_Config  stm32f4xx_hal_cortex.o
    0x080013a0   0x080013a0   0x00000002   Code   RO          284    i.HardFault_Handler  stm32f4xx_it.o
    0x080013a2   0x080013a2   0x00000002   PAD
    0x080013a4   0x080013a4   0x00000044   Code   RO          228    i.MX_CAN1_Init      can.o
    0x080013e8   0x080013e8   0x00000044   Code   RO          229    i.MX_CAN2_Init      can.o
    0x0800142c   0x0800142c   0x0000007c   Code   RO          202    i.MX_GPIO_Init      gpio.o
    0x080014a8   0x080014a8   0x00000002   Code   RO          285    i.MemManage_Handler  stm32f4xx_it.o
    0x080014aa   0x080014aa   0x00000002   Code   RO          286    i.NMI_Handler       stm32f4xx_it.o
    0x080014ac   0x080014ac   0x00000012   Code   RO         2195    i.PDU_to_combine_read  protocol_api.o
    0x080014be   0x080014be   0x00000038   Code   RO         2196    i.PDU_to_combine_write  protocol_api.o
    0x080014f6   0x080014f6   0x00000014   Code   RO         2197    i.PDU_to_msg_data   protocol_api.o
    0x0800150a   0x0800150a   0x00000002   Code   RO          287    i.PendSV_Handler    stm32f4xx_it.o
    0x0800150c   0x0800150c   0x00000002   Code   RO          288    i.SVC_Handler       stm32f4xx_it.o
    0x0800150e   0x0800150e   0x00000004   Code   RO          289    i.SysTick_Handler   stm32f4xx_it.o
    0x08001512   0x08001512   0x00000002   PAD
    0x08001514   0x08001514   0x00000088   Code   RO           14    i.SystemClock_Config  main.o
    0x0800159c   0x0800159c   0x0000001c   Code   RO         1892    i.SystemInit        system_stm32f4xx.o
    0x080015b8   0x080015b8   0x00000002   Code   RO          290    i.UsageFault_Handler  stm32f4xx_it.o
    0x080015ba   0x080015ba   0x00000020   Code   RO         1480    i.__NVIC_SetPriority  stm32f4xx_hal_cortex.o
    0x080015da   0x080015da   0x0000000e   Code   RO         2780    i.__scatterload_copy  mc_w.l(handlers.o)
    0x080015e8   0x080015e8   0x00000002   Code   RO         2781    i.__scatterload_null  mc_w.l(handlers.o)
    0x080015ea   0x080015ea   0x0000000e   Code   RO         2782    i.__scatterload_zeroinit  mc_w.l(handlers.o)
    0x080015f8   0x080015f8   0x00000300   Code   RO         2198    i.add_subscribe_combine_node  protocol_api.o
    0x080018f8   0x080018f8   0x00000010   Code   RO         2381    i.api_init          xsto_api_ii.o
    0x08001908   0x08001908   0x00000074   Code   RO         2383    i.api_message_send  xsto_api_ii.o
    0x0800197c   0x0800197c   0x00000018   Code   RO         2385    i.api_port_received  xsto_api_ii.o
    0x08001994   0x08001994   0x0000000a   Code   RO         2057    i.api_port_send     my_can.o
    0x0800199e   0x0800199e   0x00000002   PAD
    0x080019a0   0x080019a0   0x0000005c   Code   RO          230    i.can_filter_init   can.o
    0x080019fc   0x080019fc   0x00000028   Code   RO         2058    i.can_receive       my_can.o
    0x08001a24   0x08001a24   0x00000024   Code   RO         2059    i.can_serial_available  my_can.o
    0x08001a48   0x08001a48   0x00000030   Code   RO         2060    i.can_serial_read   my_can.o
    0x08001a78   0x08001a78   0x00000014   Code   RO         2062    i.can_serial_write  my_can.o
    0x08001a8c   0x08001a8c   0x000000bc   Code   RO         2063    i.can_transmit      my_can.o
    0x08001b48   0x08001b48   0x00000020   Code   RO         2064    i.can_tx_available  my_can.o
    0x08001b68   0x08001b68   0x0000002a   Code   RO         2065    i.can_tx_buf        my_can.o
    0x08001b92   0x08001b92   0x00000064   Code   RO         2201    i.combine_write_to_PDU  protocol_api.o
    0x08001bf6   0x08001bf6   0x00000002   PAD
    0x08001bf8   0x08001bf8   0x00000030   Code   RO         1954    i.crc_ccitt         crc.o
    0x08001c28   0x08001c28   0x000000b4   Code   RO         2202    i.del_subscribe_combine_node  protocol_api.o
    0x08001cdc   0x08001cdc   0x0000008c   Code   RO         2203    i.get_subscribe_combine_node  protocol_api.o
    0x08001d68   0x08001d68   0x00000084   Code   RO           15    i.main              main.o
    0x08001dec   0x08001dec   0x00000098   Code   RO         1985    i.map_init          master.o
    0x08001e84   0x08001e84   0x0000000e   Code   RO         2153    i.message_init      protocol.o
    0x08001e92   0x08001e92   0x00000002   PAD
    0x08001e94   0x08001e94   0x000000b8   Code   RO         2388    i.module_parse_frame  xsto_api_ii.o
    0x08001f4c   0x08001f4c   0x0000006c   Code   RO         2390    i.module_response   xsto_api_ii.o
    0x08001fb8   0x08001fb8   0x00000016   Code   RO         2204    i.msg_data_to_PDU   protocol_api.o
    0x08001fce   0x08001fce   0x00000002   PAD
    0x08001fd0   0x08001fd0   0x00000054   Code   RO         2329    i.plug_holes        rt_malloc.o
    0x08002024   0x08002024   0x00000028   Code   RO         1986    i.protocol_init     master.o
    0x0800204c   0x0800204c   0x00000052   Code   RO         2154    i.protocol_received  protocol.o
    0x0800209e   0x0800209e   0x00000002   PAD
    0x080020a0   0x080020a0   0x000001c0   Code   RO         2206    i.protocol_respond  protocol_api.o
    0x08002260   0x08002260   0x00000050   Code   RO         2298    i.register_map      protocol_register_management.o
    0x080022b0   0x080022b0   0x00000034   Code   RO         2299    i.register_read     protocol_register_management.o
    0x080022e4   0x080022e4   0x00000034   Code   RO         2300    i.register_write    protocol_register_management.o
    0x08002318   0x08002318   0x00000040   Code   RO         2331    i.rt_free           rt_malloc.o
    0x08002358   0x08002358   0x000000d0   Code   RO         2332    i.rt_malloc         rt_malloc.o
    0x08002428   0x08002428   0x00000010   Code   RO         1926    i.rt_mem_init       alloc.o
    0x08002438   0x08002438   0x000000bc   Code   RO         2334    i.rt_realloc        rt_malloc.o
    0x080024f4   0x080024f4   0x0000004c   Code   RO         2335    i.rt_system_heap_init  rt_malloc.o
    0x08002540   0x08002540   0x00000020   Code   RO         2155    i.send_message_data  protocol.o
    0x08002560   0x08002560   0x0000003e   Code   RO         1990    i.write_status_f    master.o
    0x0800259e   0x0800259e   0x00000010   Data   RO         1893    .constdata          system_stm32f4xx.o
    0x080025ae   0x080025ae   0x00000002   PAD
    0x080025b0   0x080025b0   0x00000020   Data   RO         2778    Region$$Table       anon$$obj.o


    Execution Region RW_IRAM1 (Exec base: 0x20000000, Load base: 0x080025d0, Size: 0x000016f0, Max: 0x00020000, ABSOLUTE, COMPRESSED[0x0000021c])

    Exec Addr    Load Addr    Size         Type   Attr      Idx    E Section Name        Object

    0x20000000   COMPRESSED   0x00000004   Data   RW          232    .data               can.o
    0x20000004   COMPRESSED   0x0000000c   Data   RW         1624    .data               stm32f4xx_hal.o
    0x20000010   COMPRESSED   0x00000004   Data   RW         1895    .data               system_stm32f4xx.o
    0x20000014   COMPRESSED   0x00000200   Data   RW         1955    .data               crc.o
    0x20000214   COMPRESSED   0x00000012   Data   RW         2067    .data               my_can.o
    0x20000226   COMPRESSED   0x00000002   PAD
    0x20000228   COMPRESSED   0x00000010   Data   RW         2209    .data               protocol_api.o
    0x20000238   COMPRESSED   0x00000001   Data   RW         2302    .data               protocol_register_management.o
    0x20000239   COMPRESSED   0x00000003   PAD
    0x2000023c   COMPRESSED   0x00000018   Data   RW         2336    .data               rt_malloc.o
    0x20000254   COMPRESSED   0x00000014   Data   RW         2393    .data               xsto_api_ii.o
    0x20000268        -       0x00000050   Zero   RW          231    .bss                can.o
    0x200002b8        -       0x00000400   Zero   RW         1927    .bss                alloc.o
    0x200006b8        -       0x000000cc   Zero   RW         1992    .bss                master.o
    0x20000784        -       0x000001cc   Zero   RW         2066    .bss                my_can.o
    0x20000950        -       0x00000084   Zero   RW         2208    .bss                protocol_api.o
    0x200009d4        -       0x000003fc   Zero   RW         2301    .bss                protocol_register_management.o
    0x20000dd0        -       0x0000011c   Zero   RW         2392    .bss                xsto_api_ii.o
    0x20000eec   COMPRESSED   0x00000004   PAD
    0x20000ef0        -       0x00000800   Zero   RW            1    STACK               startup_stm32f446xx.o


==============================================================================

Image component sizes


      Code (inc. data)   RO Data    RW Data    ZI Data      Debug   Object Name

        16          6          0          0       1024        934   alloc.o
       476         42          0          4         80       2988   can.o
        48          6          0        512          0       1000   crc.o
       124         10          0          0          0        923   gpio.o
       270         18          0          0          0     669741   main.o
       254         10          0          0        204       3110   master.o
       592         56          0         18        460       7981   my_can.o
       128          0          0          0          0       2339   protocol.o
      1752         34          0         16        132      18270   protocol_api.o
       184         20          0          1       1020       3004   protocol_register_management.o
       620         26          0         24          0       4757   rt_malloc.o
        36          8        452          0       2048        820   startup_stm32f446xx.o
       144         24          0         12          0       8529   stm32f4xx_hal.o
      1638          6          0          0          0      13983   stm32f4xx_hal_can.o
       198         14          0          0          0      33863   stm32f4xx_hal_cortex.o
       448         40          0          0          0       2957   stm32f4xx_hal_gpio.o
        48          6          0          0          0        826   stm32f4xx_hal_msp.o
       308         20          0          0          0       1672   stm32f4xx_hal_rcc.o
       988         34          0          0          0       2670   stm32f4xx_hal_rcc_ex.o
        32          6          0          0          0       4504   stm32f4xx_it.o
        28          6         16          4          0       1115   system_stm32f4xx.o
       448         32          0         20        284       5061   xsto_api_ii.o

    ----------------------------------------------------------------------
      8802        424        502        616       5256     791047   Object Totals
         0          0         32          0          0          0   (incl. Generated)
        22          0          2          5          4          0   (incl. Padding)

    ----------------------------------------------------------------------

      Code (inc. data)   RO Data    RW Data    ZI Data      Debug   Library Member Name

        58          0          0          0          0          0   __dczerorl.o
         0          0          0          0          0          0   entry.o
         0          0          0          0          0          0   entry10a.o
         0          0          0          0          0          0   entry11a.o
         8          4          0          0          0          0   entry2.o
         4          0          0          0          0          0   entry5.o
         0          0          0          0          0          0   entry7b.o
         0          0          0          0          0          0   entry8b.o
         8          4          0          0          0          0   entry9a.o
        30          0          0          0          0          0   handlers.o
        36          8          0          0          0         68   init.o
        30          0          0          0          0         68   llshl.o
        32          0          0          0          0         68   llushr.o
        36          0          0          0          0         68   memcpya.o
        36          0          0          0          0        108   memseta.o
        98          0          0          0          0         92   uldiv.o

    ----------------------------------------------------------------------
       376         16          0          0          0        472   Library Totals
         0          0          0          0          0          0   (incl. Padding)

    ----------------------------------------------------------------------

      Code (inc. data)   RO Data    RW Data    ZI Data      Debug   Library Name

       376         16          0          0          0        472   mc_w.l

    ----------------------------------------------------------------------
       376         16          0          0          0        472   Library Totals

    ----------------------------------------------------------------------

==============================================================================


      Code (inc. data)   RO Data    RW Data    ZI Data      Debug   

      9178        440        502        616       5256     782847   Grand Totals
      9178        440        502        540       5256     782847   ELF Image Totals (compressed)
      9178        440        502        540          0          0   ROM Totals

==============================================================================

    Total RO  Size (Code + RO Data)                 9680 (   9.45kB)
    Total RW  Size (RW Data + ZI Data)              5872 (   5.73kB)
    Total ROM Size (Code + RO Data + RW Data)      10220 (   9.98kB)

==============================================================================

